Microchip MPLAB XC8 Compiler V1.41 ()

Linker command line:

-W-3 --edf=C:\Program Files (x86)\Microchip\xc8\v1.41\dat\en_msgs.txt -cs \
  -h+dist/default/debug\servo123.X.debug.sym \
  --cmf=dist/default/debug\servo123.X.debug.cmf -z -Q18F4520 \
  -oC:\Users\Keng\AppData\Local\Temp\s3rk.2 \
  -Mdist/default/debug/servo123.X.debug.map -E1 -ver=XC8 \
  -ASTACK=0364h-05eeh -pstack=STACK -ACODE=00h-07CFFh -ACONST=00h-07CFFh \
  -ASMALLCONST=0600h-06FFhx119 -AMEDIUMCONST=0600h-07CFFh -ACOMRAM=01h-07Fh \
  -AABS1=00h-05EEh -ABIGRAM=01h-05EEh \
  -ARAM=080h-0FFh,0100h-01FFhx4,0500h-05EEh -ABANK0=080h-0FFh \
  -ABANK1=0100h-01FFh -ABANK2=0200h-02FFh -ABANK3=0300h-03FFh \
  -ABANK4=0400h-04FFh -ABANK5=0500h-05EEh \
  -ASFR=0F80h-0F9Bh,0F9Dh-0FD3h,0FD5h-0FDAh,0FE0h-0FE2h,0FE8h-0FEAh,0FF0h-0FFBh \
  -preset_vec=00h,intcode=08h,intcodelo,powerup,init -pramtop=0600h \
  -psmallconst=SMALLCONST -pmediumconst=MEDIUMCONST -pconst=CONST \
  -AFARRAM=00h-00h -ACONFIG=0300000h-030000Dh -pconfig=CONFIG \
  -AIDLOC=0200000h-0200007h -pidloc=IDLOC -AEEDATA=0F00000h-0F000FFh \
  -peeprom_data=EEDATA \
  -prdata=COMRAM,nvrram=COMRAM,nvbit=COMRAM,rbss=COMRAM,rbit=COMRAM \
  -pfarbss=FARRAM,fardata=FARRAM,nvFARRAM=FARRAM \
  -pintsave_regs=BIGRAM,bigbss=BIGRAM,bigdata=BIGRAM -pbss=RAM \
  -pidata=CODE,irdata=CODE,ibigdata=CODE,ifardata=CODE -prparam=COMRAM \
  C:\Users\Keng\AppData\Local\Temp\s3rk.obj \
  dist/default/debug\servo123.X.debug.obj 

Object code version is 3.11

Machine type is 18F4520

Call graph: (short form)




                Name                               Link     Load   Length Selector   Space Scale
C:\Users\Keng\AppData\Local\Temp\s3rk.obj
                init                                  E        E        4        4       0
                reset_vec                             0        0        6        0       0
                idloc                            200000   200000        8   200000       0
                config                           300000   300000        E   300000       0
dist/default/debug\servo123.X.debug.obj
                intcode                               8        8        6        4       0
                temp                                 65       65        1        1       1
                mediumconst                        7184     7184      B7C     38C2       0
                intcode_body                        C44      C44       F8        4       0
                text49                             193E     193E       10        4       0
                text48                             1918     1918       16        4       0
                text47                             133C     133C       58        4       0
                text46                             1870     1870       24        4       0
                text45                             184C     184C       24        4       0
                text44                             1594     1594       3A        4       0
                text43                             1902     1902       16        4       0
                text42                             18EC     18EC       16        4       0
                text41                             1670     1670       36        4       0
                text40                             163A     163A       36        4       0
                text39                              A24      A24      124        4       0
                text38                              EC8      EC8       BE        4       0
                text37                             1604     1604       36        4       0
                text36                             1556     1556       3E        4       0
                text35                             1248     1248       82        4       0
                text34                             11C4     11C4       84        4       0
                text33                             101C     101C       90        4       0
                text32                             12CA     12CA       72        4       0
                text31                              D3C      D3C       C8        4       0
                text30                             1762     1762       2C        4       0
                text29                             143A     143A       52        4       0
                text28                             14D6     14D6       42        4       0
                text27                             17DE     17DE       26        4       0
                text26                             18B6     18B6       1E        4       0
                text25                               12       12      A12        4       0
                text24                             148C     148C       4A        4       0
                text23                              B48      B48       FC        4       0
                text22                             17B8     17B8       26        4       0
                text21                             1138     1138       8C        4       0
                text20                             16A6     16A6       32        4       0
                text19                              E04      E04       C4        4       0
                text18                             194E     194E        E        4       0
                text17                             1708     1708       2E        4       0
                text16                             15CE     15CE       36        4       0
                text15                             1518     1518       3E        4       0
                text14                             195C     195C        A        4       0
                text13                             1976     1976        8        4       0
                text12                             16D8     16D8       30        4       0
                text11                              F86      F86       96        4       0
                text10                             178E     178E       2A        4       0
                text9                              1394     1394       54        4       0
                text8                              1894     1894       22        4       0
                text7                              1828     1828       24        4       0
                text6                              197E     197E        2        4       0
                text5                              1804     1804       24        4       0
                text4                              1736     1736       2C        4       0
                text3                              196E     196E        8        4       0
                text2                              18D4     18D4       18        4       0
                text1                              192E     192E       10        4       0
                text0                              10AC     10AC       8C        4       0
                cstackCOMRAM                          1        1       35        1       1
                cstackBANK0                          80       80       15       80       1
                cstackBANK1                         100      100       DD      100       1
                bssBANK3                            300      300       64      300       1
                bssBANK2                            200      200       CE      200       1
                dataCOMRAM                           5D       5D        8        1       1
                bssCOMRAM                            36       36       27        1       1
                cinit                              13E8     13E8       52        4       0
                idataCOMRAM                        1966     1966        8        4       0

TOTAL           Name                               Link     Load   Length     Space
        CLASS   STACK          

        CLASS   CODE           
                intcode                               8        8        6         0
                init                                  E        E        4         0
                reset_vec                             0        0        6         0
                intcode_body                        C44      C44       F8         0
                text49                             193E     193E       10         0
                text48                             1918     1918       16         0
                text47                             133C     133C       58         0
                text46                             1870     1870       24         0
                text45                             184C     184C       24         0
                text44                             1594     1594       3A         0
                text43                             1902     1902       16         0
                text42                             18EC     18EC       16         0
                text41                             1670     1670       36         0
                text40                             163A     163A       36         0
                text39                              A24      A24      124         0
                text38                              EC8      EC8       BE         0
                text37                             1604     1604       36         0
                text36                             1556     1556       3E         0
                text35                             1248     1248       82         0
                text34                             11C4     11C4       84         0
                text33                             101C     101C       90         0
                text32                             12CA     12CA       72         0
                text31                              D3C      D3C       C8         0
                text30                             1762     1762       2C         0
                text29                             143A     143A       52         0
                text28                             14D6     14D6       42         0
                text27                             17DE     17DE       26         0
                text26                             18B6     18B6       1E         0
                text25                               12       12      A12         0
                text24                             148C     148C       4A         0
                text23                              B48      B48       FC         0
                text22                             17B8     17B8       26         0
                text21                             1138     1138       8C         0
                text20                             16A6     16A6       32         0
                text19                              E04      E04       C4         0
                text18                             194E     194E        E         0
                text17                             1708     1708       2E         0
                text16                             15CE     15CE       36         0
                text15                             1518     1518       3E         0
                text14                             195C     195C        A         0
                text13                             1976     1976        8         0
                text12                             16D8     16D8       30         0
                text11                              F86      F86       96         0
                text10                             178E     178E       2A         0
                text9                              1394     1394       54         0
                text8                              1894     1894       22         0
                text7                              1828     1828       24         0
                text6                              197E     197E        2         0
                text5                              1804     1804       24         0
                text4                              1736     1736       2C         0
                text3                              196E     196E        8         0
                text2                              18D4     18D4       18         0
                text1                              192E     192E       10         0
                text0                              10AC     10AC       8C         0
                cinit                              13E8     13E8       52         0
                idataCOMRAM                        1966     1966        8         0

        CLASS   CONST          

        CLASS   SMALLCONST     

        CLASS   MEDIUMCONST    
                mediumconst                        7184     7184      B7C         0

        CLASS   COMRAM         
                temp                                 65       65        1         1
                cstackCOMRAM                          1        1       35         1
                dataCOMRAM                           5D       5D        8         1
                bssCOMRAM                            36       36       27         1

        CLASS   ABS1           

        CLASS   BIGRAM         

        CLASS   RAM            

        CLASS   BANK0          
                cstackBANK0                          80       80       15         1

        CLASS   BANK1          
                cstackBANK1                         100      100       DD         1

        CLASS   BANK2          
                bssBANK2                            200      200       CE         1

        CLASS   BANK3          
                bssBANK3                            300      300       64         1

        CLASS   BANK4          

        CLASS   BANK5          

        CLASS   SFR            

        CLASS   FARRAM         

        CLASS   CONFIG         
                config                           300000   300000        E         0

        CLASS   IDLOC          
                idloc                            200000   200000        8         0

        CLASS   EEDATA         



SEGMENTS        Name                           Load    Length   Top    Selector   Space  Class

                reset_vec                      000000  000006  000006         0       0  CODE    
                cstackCOMRAM                   000001  000065  000066         1       1  COMRAM  
                intcode                        000008  001978  001980         4       0  CODE    
                cstackBANK0                    000080  000015  000095        80       1  BANK0   
                cstackBANK1                    000100  0000DD  0001DD       100       1  BANK1   
                bssBANK2                       000200  0000CE  0002CE       200       1  BANK2   
                bssBANK3                       000300  000064  000364       300       1  BANK3   
                mediumconst                    007184  000B7C  007D00      38C2       0  MEDIUMCO
                idloc                          200000  000008  200008    200000       0  IDLOC   
                config                         300000  00000E  30000E    300000       0  CONFIG  


UNUSED ADDRESS RANGES

        Name                Unused          Largest block    Delta
        BANK0            000095-0000FF               6B
        BANK1            0001DD-0001FF               23
        BANK2            0002CE-0002FF               32
        BANK3            000364-0003FF               9C
        BANK4            000400-0004FF              100
        BANK5            000500-0005EE               EF
        BIGRAM           000066-00007F               1A
                         000095-0000FF               6B
                         0001DD-0001FF               23
                         0002CE-0002FF               32
                         000364-0005EE              28B
        CODE             000006-000007                2
                         001980-007183             5804
        COMRAM           000066-00007F               1A
        CONST            000006-000007                2
                         001980-007183             5804
        EEDATA           F00000-F000FF              100
        MEDIUMCONST      001980-007183             5804
        RAM              000095-0000FF               6B
                         0001DD-0001FF               23
                         0002CE-0002FF               32
                         000364-0005EE              100
        SFR              000F80-000F9B               1C
                         000F9D-000FD3               37
                         000FD5-000FDA                6
                         000FE0-000FE2                3
                         000FE8-000FEA                3
                         000FF0-000FFB                C
        SMALLCONST       001980-007183              100
        STACK            000364-0005EE              28B

                                  Symbol Table

?_ESP8266_ReceiveString           cstackCOMRAM 000025
?___lwdiv                         cstackCOMRAM 000012
?___lwmod                         cstackCOMRAM 000019
?___wmul                          cstackCOMRAM 000012
?_sprintf                         cstackCOMRAM 00001E
?_strchr                          cstackCOMRAM 000012
?_strlen                          cstackCOMRAM 000012
?_strncmp                         cstackCOMRAM 000018
?_strstr                          cstackCOMRAM 000021
ADtoPWM@AD                        cstackCOMRAM 000024
ADtoPWM@u4                        cstackCOMRAM 00002A
ADtoPWM@w4                        cstackCOMRAM 00002C
Delay10KTCYx@unit                 cstackCOMRAM 000013
Delay10TCYx@unit                  cstackCOMRAM 000012
Delay1TCYx@unit                   cstackCOMRAM 000012
ESP8266_Cmd@cmd                   cstackCOMRAM 000025
ESP8266_Cmd@reply1                cstackCOMRAM 000027
ESP8266_Cmd@reply2                cstackCOMRAM 000029
ESP8266_Cmd@waittime              cstackCOMRAM 00002B
ESP8266_JoinAP@cCmd               cstackBANK1  000100
ESP8266_JoinAP@pPassWord          cstackCOMRAM 000030
ESP8266_JoinAP@pSSID              cstackCOMRAM 00002E
ESP8266_Link_Server@ComNum        cstackCOMRAM 000030
ESP8266_Link_Server@F4048         bssBANK3     000300
ESP8266_Link_Server@cCmd          cstackBANK1  000100
ESP8266_Link_Server@cStr          cstackBANK1  000178
ESP8266_Link_Server@enumE         cstackBANK1  0001DC
ESP8266_Link_Server@id            cstackCOMRAM 000032
ESP8266_Link_Server@ip            cstackCOMRAM 00002E
ESP8266_Net_Mode_Choose@MODE      cstackCOMRAM 00002E
ESP8266_ReceiveString@pRecStr     cstackCOMRAM 000027
ESP8266_Uart@cmd                  cstackCOMRAM 000012
ESP8266_Uart@index                cstackCOMRAM 000016
IIC_Send_Byte@t                   cstackCOMRAM 000017
IIC_Send_Byte@txd                 cstackCOMRAM 000016
IIC_Wait_Ack@ucErrTime            cstackCOMRAM 000015
LCDWriteNibble@ch                 cstackCOMRAM 000013
LCDWriteNibble@rs                 cstackCOMRAM 000012
LCD_CreateFont@F3803              dataCOMRAM   00005D
LCD_GotoXY@ln                     cstackCOMRAM 000017
LCD_GotoXY@pos                    cstackCOMRAM 00001C
LCD_WriteCmd@ch                   cstackCOMRAM 000016
LCD_WriteData@ch                  cstackCOMRAM 000016
LCD_WritetStr@i                   cstackCOMRAM 00001B
LCD_WritetStr@str                 cstackCOMRAM 000017
PCA9685_writeOneByte@addr         cstackCOMRAM 000019
PCA9685_writeOneByte@data         cstackCOMRAM 000018
PWMt0PCA@finger                   cstackCOMRAM 000023
PWMt0PCA@low                      cstackCOMRAM 000021
PWMt0PCA@up                       cstackCOMRAM 00001F
_ADtoPWM                          text38       000EC8
_BAUDCONbits                      (abs)        000FB8
_Delay10KTCYx                     text43       001902
_Delay10TCYx                      text49       00193E
_Delay1TCYx                       text14       00195C
_ESP8266_AT_Test                  text30       001762
_ESP8266_Cmd                      text31       000D3C
_ESP8266_Cmd$1210                 cstackCOMRAM 00002D
_ESP8266_JoinAP                   text24       00148C
_ESP8266_Link_Server              text23       000B48
_ESP8266_Net_Mode_Choose          text21       001138
_ESP8266_ReceiveString            text33       00101C
_ESP8266_Rst                      text22       0017B8
_ESP8266_Uart                     text32       0012CA
_ESP8266_client                   text19       000E04
_GPIO_initial                     text18       00194E
_IIC_Init                         text8        001894
_IIC_Send_Byte                    text47       00133C
_IIC_Start                        text46       001870
_IIC_Stop                         text45       00184C
_IIC_Wait_Ack                     text44       001594
_INTCONbits                       (abs)        000FF2
_IP                               bssCOMRAM    000056
_LATAbits                         (abs)        000F89
_LATD                             (abs)        000F8C
_LCDWriteNibble                   text17       001708
_LCD_GotoXY                       text15       001518
_LCD_GotoXY$640                   cstackCOMRAM 00001A
_LCD_Initialize                   text11       000F86
_LCD_WaitBusy                     text12       0016D8
_LCD_WriteCmd                     text16       0015CE
_LCD_WriteData                    text10       00178E
_LCD_WritetStr                    text9        001394
_OSCCONbits                       (abs)        000FD3
_PCA9685_init                     text7        001828
_PCA9685_writeOneByte             text41       001670
_PIE1bits                         (abs)        000F9D
_PIR1bits                         (abs)        000F9E
_PORTBbits                        (abs)        000F81
_PORTD                            (abs)        000F83
_PORTDbits                        (abs)        000F83
_PR2                              (abs)        000FCB
_PWMt0PCA                         text39       000A24
_RCONbits                         (abs)        000FD0
_RCREG                            (abs)        000FAE
_RCSTAbits                        (abs)        000FAB
_SPBRG                            (abs)        000FAF
_SPBRGH                           (abs)        000FB0
_STA_MODE                         text20       0016A6
_T0CONbits                        (abs)        000FD5
_T2CONbits                        (abs)        000FCA
_TRISAbits                        (abs)        000F92
_TRISBbits                        (abs)        000F93
_TRISD                            (abs)        000F95
_TRMT                             (abs)        007D61
_TXIF                             (abs)        007CF4
_TXREG                            (abs)        000FAD
_TXSTAbits                        (abs)        000FAC
__CFG_BOREN$SBORDIS               (abs)        000000
__CFG_BORV$3                      (abs)        000000
__CFG_CCP2MX$PORTBE               (abs)        000000
__CFG_CP0$OFF                     (abs)        000000
__CFG_CP1$OFF                     (abs)        000000
__CFG_CP2$OFF                     (abs)        000000
__CFG_CP3$OFF                     (abs)        000000
__CFG_CPB$OFF                     (abs)        000000
__CFG_CPD$OFF                     (abs)        000000
__CFG_EBTR0$OFF                   (abs)        000000
__CFG_EBTR1$OFF                   (abs)        000000
__CFG_EBTR2$OFF                   (abs)        000000
__CFG_EBTR3$OFF                   (abs)        000000
__CFG_EBTRB$OFF                   (abs)        000000
__CFG_FCMEN$OFF                   (abs)        000000
__CFG_IESO$OFF                    (abs)        000000
__CFG_LPT1OSC$OFF                 (abs)        000000
__CFG_LVP$OFF                     (abs)        000000
__CFG_MCLRE$ON                    (abs)        000000
__CFG_OSC$HSPLL                   (abs)        000000
__CFG_PBADEN$OFF                  (abs)        000000
__CFG_PWRT$OFF                    (abs)        000000
__CFG_STVREN$ON                   (abs)        000000
__CFG_WDT$OFF                     (abs)        000000
__CFG_WDTPS$32768                 (abs)        000000
__CFG_WRT0$OFF                    (abs)        000000
__CFG_WRT1$OFF                    (abs)        000000
__CFG_WRT2$OFF                    (abs)        000000
__CFG_WRT3$OFF                    (abs)        000000
__CFG_WRTB$OFF                    (abs)        000000
__CFG_WRTC$OFF                    (abs)        000000
__CFG_WRTD$OFF                    (abs)        000000
__CFG_XINST$OFF                   (abs)        000000
__HRAM                            (abs)        000000
__Habs1                           abs1         000000
__Hbank0                          bank0        000000
__Hbank1                          bank1        000000
__Hbank2                          bank2        000000
__Hbank3                          bank3        000000
__Hbank4                          bank4        000000
__Hbank5                          bank5        000000
__Hbigbss                         bigbss       000000
__Hbigdata                        bigdata      000000
__Hbigram                         bigram       000000
__Hbss                            bss          000000
__HbssBANK2                       bssBANK2     000000
__HbssBANK3                       bssBANK3     000000
__HbssCOMRAM                      bssCOMRAM    000000
__Hcinit                          cinit        000000
__Hclrtext                        clrtext      000000
__Hcomram                         comram       000000
__Hconfig                         config       30000E
__Hconst                          const        000000
__HcstackBANK0                    cstackBANK0  000000
__HcstackBANK1                    cstackBANK1  000000
__HcstackCOMRAM                   cstackCOMRAM 000000
__Hdata                           data         000000
__HdataCOMRAM                     dataCOMRAM   000000
__Heeprom_data                    eeprom_data  000000
__Hfarbss                         farbss       000000
__Hfardata                        fardata      000000
__Hibigdata                       ibigdata     000000
__Hidata                          idata        000000
__HidataCOMRAM                    idataCOMRAM  000000
__Hidloc                          idloc        200008
__Hifardata                       ifardata     000000
__Hinit                           init         000012
__Hintcode                        intcode      00000E
__Hintcode_body                   intcode_body 000000
__Hintcodelo                      intcodelo    00000E
__Hintentry                       intentry     000000
__Hintret                         intret       000000
__Hintsave_regs                   intsave_regs 000000
__Hirdata                         irdata       000000
__Hmediumconst                    mediumconst  007D00
__HnvFARRAM                       nvFARRAM     000000
__Hnvbit                          nvbit        000000
__Hnvrram                         nvrram       000000
__Hparam                          rparam       000000
__Hpowerup                        powerup      00000E
__Hram                            ram          000000
__Hramtop                         ramtop       000600
__Hrbit                           rbit         000000
__Hrbss                           rbss         000000
__Hrdata                          rdata        000000
__Hreset_vec                      reset_vec    000006
__Hrparam                         rparam       000000
__Hsfr                            sfr          000000
__Hsmallconst                     smallconst   000000
__Hspace_0                        (abs)        30000E
__Hspace_1                        (abs)        000364
__Hspace_2                        (abs)        000000
__Hstack                          stack        000000
__Hstruct                         struct       000000
__Htemp                           temp         000066
__Htext                           text         000000
__Htext0                          text0        000000
__Htext1                          text1        000000
__Htext10                         text10       000000
__Htext11                         text11       000000
__Htext12                         text12       000000
__Htext13                         text13       000000
__Htext14                         text14       000000
__Htext15                         text15       000000
__Htext16                         text16       000000
__Htext17                         text17       000000
__Htext18                         text18       000000
__Htext19                         text19       000000
__Htext2                          text2        000000
__Htext20                         text20       000000
__Htext21                         text21       000000
__Htext22                         text22       000000
__Htext23                         text23       000000
__Htext24                         text24       000000
__Htext25                         text25       000000
__Htext26                         text26       000000
__Htext27                         text27       000000
__Htext28                         text28       000000
__Htext29                         text29       000000
__Htext3                          text3        000000
__Htext30                         text30       000000
__Htext31                         text31       000000
__Htext32                         text32       000000
__Htext33                         text33       000000
__Htext34                         text34       000000
__Htext35                         text35       000000
__Htext36                         text36       000000
__Htext37                         text37       000000
__Htext38                         text38       000000
__Htext39                         text39       000000
__Htext4                          text4        000000
__Htext40                         text40       000000
__Htext41                         text41       000000
__Htext42                         text42       000000
__Htext43                         text43       000000
__Htext44                         text44       000000
__Htext45                         text45       000000
__Htext46                         text46       000000
__Htext47                         text47       000000
__Htext48                         text48       000000
__Htext49                         text49       000000
__Htext5                          text5        000000
__Htext6                          text6        000000
__Htext7                          text7        000000
__Htext8                          text8        000000
__Htext9                          text9        000000
__LRAM                            (abs)        000001
__Labs1                           abs1         000000
__Lbank0                          bank0        000000
__Lbank1                          bank1        000000
__Lbank2                          bank2        000000
__Lbank3                          bank3        000000
__Lbank4                          bank4        000000
__Lbank5                          bank5        000000
__Lbigbss                         bigbss       000000
__Lbigdata                        bigdata      000000
__Lbigram                         bigram       000000
__Lbss                            bss          000000
__LbssBANK2                       bssBANK2     000000
__LbssBANK3                       bssBANK3     000000
__LbssCOMRAM                      bssCOMRAM    000000
__Lcinit                          cinit        000000
__Lclrtext                        clrtext      000000
__Lcomram                         comram       000000
__Lconfig                         config       300000
__Lconst                          const        000000
__LcstackBANK0                    cstackBANK0  000000
__LcstackBANK1                    cstackBANK1  000000
__LcstackCOMRAM                   cstackCOMRAM 000000
__Ldata                           data         000000
__LdataCOMRAM                     dataCOMRAM   000000
__Leeprom_data                    eeprom_data  000000
__Lfarbss                         farbss       000000
__Lfardata                        fardata      000000
__Libigdata                       ibigdata     000000
__Lidata                          idata        000000
__LidataCOMRAM                    idataCOMRAM  000000
__Lidloc                          idloc        200000
__Lifardata                       ifardata     000000
__Linit                           init         00000E
__Lintcode                        intcode      000008
__Lintcode_body                   intcode_body 000000
__Lintcodelo                      intcodelo    00000E
__Lintentry                       intentry     000000
__Lintret                         intret       000000
__Lintsave_regs                   intsave_regs 000000
__Lirdata                         irdata       000000
__Lmediumconst                    mediumconst  007184
__LnvFARRAM                       nvFARRAM     000000
__Lnvbit                          nvbit        000000
__Lnvrram                         nvrram       000000
__Lparam                          rparam       000000
__Lpowerup                        powerup      00000E
__Lram                            ram          000000
__Lramtop                         ramtop       000600
__Lrbit                           rbit         000000
__Lrbss                           rbss         000000
__Lrdata                          rdata        000000
__Lreset_vec                      reset_vec    000000
__Lrparam                         rparam       000000
__Lsfr                            sfr          000000
__Lsmallconst                     smallconst   000000
__Lspace_0                        (abs)        000000
__Lspace_1                        (abs)        000000
__Lspace_2                        (abs)        000000
__Lstack                          stack        000000
__Lstruct                         struct       000000
__Ltemp                           temp         000065
__Ltext                           text         000000
__Ltext0                          text0        000000
__Ltext1                          text1        000000
__Ltext10                         text10       000000
__Ltext11                         text11       000000
__Ltext12                         text12       000000
__Ltext13                         text13       000000
__Ltext14                         text14       000000
__Ltext15                         text15       000000
__Ltext16                         text16       000000
__Ltext17                         text17       000000
__Ltext18                         text18       000000
__Ltext19                         text19       000000
__Ltext2                          text2        000000
__Ltext20                         text20       000000
__Ltext21                         text21       000000
__Ltext22                         text22       000000
__Ltext23                         text23       000000
__Ltext24                         text24       000000
__Ltext25                         text25       000000
__Ltext26                         text26       000000
__Ltext27                         text27       000000
__Ltext28                         text28       000000
__Ltext29                         text29       000000
__Ltext3                          text3        000000
__Ltext30                         text30       000000
__Ltext31                         text31       000000
__Ltext32                         text32       000000
__Ltext33                         text33       000000
__Ltext34                         text34       000000
__Ltext35                         text35       000000
__Ltext36                         text36       000000
__Ltext37                         text37       000000
__Ltext38                         text38       000000
__Ltext39                         text39       000000
__Ltext4                          text4        000000
__Ltext40                         text40       000000
__Ltext41                         text41       000000
__Ltext42                         text42       000000
__Ltext43                         text43       000000
__Ltext44                         text44       000000
__Ltext45                         text45       000000
__Ltext46                         text46       000000
__Ltext47                         text47       000000
__Ltext48                         text48       000000
__Ltext49                         text49       000000
__Ltext5                          text5        000000
__Ltext6                          text6        000000
__Ltext7                          text7        000000
__Ltext8                          text8        000000
__Ltext9                          text9        000000
__S0                              (abs)        30000E
__S1                              (abs)        000364
__S2                              (abs)        000000
___inthi_sp                       stack        000000
___intlo_sp                       stack        000000
___lwdiv                          text29       00143A
___lwdiv@counter                  cstackCOMRAM 000016
___lwdiv@dividend                 cstackCOMRAM 000012
___lwdiv@divisor                  cstackCOMRAM 000014
___lwdiv@quotient                 cstackCOMRAM 000017
___lwmod                          text28       0014D6
___lwmod@counter                  cstackCOMRAM 00001D
___lwmod@dividend                 cstackCOMRAM 000019
___lwmod@divisor                  cstackCOMRAM 00001B
___param_bank                     (abs)        000000
___rparam_used                    (abs)        000001
___sp                             stack        000000
___wmul                           text27       0017DE
___wmul@multiplicand              cstackCOMRAM 000014
___wmul@multiplier                cstackCOMRAM 000012
___wmul@product                   cstackCOMRAM 000016
__accesstop                       (abs)        000080
__activetblptr                    (abs)        000002
__end_of_ADtoPWM                  text38       000F86
__end_of_Delay10KTCYx             text43       001918
__end_of_Delay10TCYx              text49       00194E
__end_of_Delay1TCYx               text14       001966
__end_of_ESP8266_AT_Test          text30       00178E
__end_of_ESP8266_Cmd              text31       000E04
__end_of_ESP8266_JoinAP           text24       0014D6
__end_of_ESP8266_Link_Server      text23       000C44
__end_of_ESP8266_Net_Mode_Choose  text21       0011C4
__end_of_ESP8266_ReceiveString    text33       0010AC
__end_of_ESP8266_Rst              text22       0017DE
__end_of_ESP8266_Uart             text32       00133C
__end_of_ESP8266_client           text19       000EC8
__end_of_GPIO_initial             text18       00195C
__end_of_IIC_Init                 text8        0018B6
__end_of_IIC_Send_Byte            text47       001394
__end_of_IIC_Start                text46       001894
__end_of_IIC_Stop                 text45       001870
__end_of_IIC_Wait_Ack             text44       0015CE
__end_of_LCDWriteNibble           text17       001736
__end_of_LCD_GotoXY               text15       001556
__end_of_LCD_Initialize           text11       00101C
__end_of_LCD_WaitBusy             text12       001708
__end_of_LCD_WriteCmd             text16       001604
__end_of_LCD_WriteData            text10       0017B8
__end_of_LCD_WritetStr            text9        0013E8
__end_of_PCA9685_init             text7        00184C
__end_of_PCA9685_writeOneByte     text41       0016A6
__end_of_PWMt0PCA                 text39       000B48
__end_of_STA_MODE                 text20       0016D8
__end_of___lwdiv                  text29       00148C
__end_of___lwmod                  text28       001518
__end_of___wmul                   text27       001804
__end_of__initialization          cinit        00142C
__end_of_delayFor18Tcy            text13       00197E
__end_of_delay_ms                 text42       001902
__end_of_delay_us                 text48       00192E
__end_of_dpowers                  mediumconst  007B19
__end_of_finger_reset             text6        001980
__end_of_finger_under_0           mediumconst  0079A5
__end_of_finger_under_1           mediumconst  007A65
__end_of_finger_under_2           mediumconst  0078CD
__end_of_finger_under_3           mediumconst  007B03
__end_of_finger_under_4           mediumconst  0076FF
__end_of_finger_up_0              mediumconst  0072BB
__end_of_finger_up_1              mediumconst  0077EB
__end_of_finger_up_2              mediumconst  00760F
__end_of_finger_up_3              mediumconst  00750D
__end_of_finger_up_4              mediumconst  0073E9
__end_of_hexpowers                mediumconst  007B21
__end_of_initial_UART             text5        001828
__end_of_isdigit                  text26       0018D4
__end_of_main                     text0        001138
__end_of_memset                   text4        001762
__end_of_oclillator_initial       text3        001976
__end_of_octpowers                mediumconst  007B0F
__end_of_sprintf                  text25       000A24
__end_of_strchr                   text37       00163A
__end_of_strlen                   text36       001594
__end_of_strncmp                  text35       0012CA
__end_of_strstr                   text34       001248
__end_of_time_adc                 intcode_body 000D3C
__end_of_timer_2_initial          text2        0018EC
__end_of_timer_intrrupt_initinal  text1        00193E
__end_of_transmit_finger          text40       001670
__initialization                  cinit        0013E8
__mediumconst                     mediumconst  007184
__pbssBANK2                       bssBANK2     000200
__pbssBANK3                       bssBANK3     000300
__pbssCOMRAM                      bssCOMRAM    000036
__pcinit                          cinit        0013E8
__pcstackBANK0                    cstackBANK0  000080
__pcstackBANK1                    cstackBANK1  000100
__pcstackCOMRAM                   cstackCOMRAM 000001
__pdataCOMRAM                     dataCOMRAM   00005D
__pidataCOMRAM                    idataCOMRAM  001966
__pintcode                        intcode      000008
__pintcode_body                   intcode_body 000C44
__pmediumconst                    mediumconst  007184
__ptext0                          text0        0010AC
__ptext1                          text1        00192E
__ptext10                         text10       00178E
__ptext11                         text11       000F86
__ptext12                         text12       0016D8
__ptext13                         text13       001976
__ptext14                         text14       00195C
__ptext15                         text15       001518
__ptext16                         text16       0015CE
__ptext17                         text17       001708
__ptext18                         text18       00194E
__ptext19                         text19       000E04
__ptext2                          text2        0018D4
__ptext20                         text20       0016A6
__ptext21                         text21       001138
__ptext22                         text22       0017B8
__ptext23                         text23       000B48
__ptext24                         text24       00148C
__ptext25                         text25       000012
__ptext26                         text26       0018B6
__ptext27                         text27       0017DE
__ptext28                         text28       0014D6
__ptext29                         text29       00143A
__ptext3                          text3        00196E
__ptext30                         text30       001762
__ptext31                         text31       000D3C
__ptext32                         text32       0012CA
__ptext33                         text33       00101C
__ptext34                         text34       0011C4
__ptext35                         text35       001248
__ptext36                         text36       001556
__ptext37                         text37       001604
__ptext38                         text38       000EC8
__ptext39                         text39       000A24
__ptext4                          text4        001736
__ptext40                         text40       00163A
__ptext41                         text41       001670
__ptext42                         text42       0018EC
__ptext43                         text43       001902
__ptext44                         text44       001594
__ptext45                         text45       00184C
__ptext46                         text46       001870
__ptext47                         text47       00133C
__ptext48                         text48       001918
__ptext49                         text49       00193E
__ptext5                          text5        001804
__ptext6                          text6        00197E
__ptext7                          text7        001828
__ptext8                          text8        001894
__ptext9                          text9        001394
__ramtop                          ramtop       000600
__size_of_ADtoPWM                 (abs)        000000
__size_of_Delay10KTCYx            (abs)        000000
__size_of_Delay10TCYx             (abs)        000000
__size_of_Delay1TCYx              (abs)        000000
__size_of_ESP8266_AT_Test         (abs)        000000
__size_of_ESP8266_Cmd             (abs)        000000
__size_of_ESP8266_JoinAP          (abs)        000000
__size_of_ESP8266_Link_Server     (abs)        000000
__size_of_ESP8266_Net_Mode_Choose (abs)        000000
__size_of_ESP8266_ReceiveString   (abs)        000000
__size_of_ESP8266_Rst             (abs)        000000
__size_of_ESP8266_Uart            (abs)        000000
__size_of_ESP8266_client          (abs)        000000
__size_of_GPIO_initial            (abs)        000000
__size_of_IIC_Init                (abs)        000000
__size_of_IIC_Send_Byte           (abs)        000000
__size_of_IIC_Start               (abs)        000000
__size_of_IIC_Stop                (abs)        000000
__size_of_IIC_Wait_Ack            (abs)        000000
__size_of_LCDWriteNibble          (abs)        000000
__size_of_LCD_GotoXY              (abs)        000000
__size_of_LCD_Initialize          (abs)        000000
__size_of_LCD_WaitBusy            (abs)        000000
__size_of_LCD_WriteCmd            (abs)        000000
__size_of_LCD_WriteData           (abs)        000000
__size_of_LCD_WritetStr           (abs)        000000
__size_of_PCA9685_init            (abs)        000000
__size_of_PCA9685_writeOneByte    (abs)        000000
__size_of_PWMt0PCA                (abs)        000000
__size_of_STA_MODE                (abs)        000000
__size_of___lwdiv                 (abs)        000000
__size_of___lwmod                 (abs)        000000
__size_of___wmul                  (abs)        000000
__size_of_delayFor18Tcy           (abs)        000000
__size_of_delay_ms                (abs)        000000
__size_of_delay_us                (abs)        000000
__size_of_finger_reset            (abs)        000000
__size_of_initial_UART            (abs)        000000
__size_of_isdigit                 (abs)        000000
__size_of_main                    (abs)        000000
__size_of_memset                  (abs)        000000
__size_of_oclillator_initial      (abs)        000000
__size_of_sprintf                 (abs)        000000
__size_of_strchr                  (abs)        000000
__size_of_strlen                  (abs)        000000
__size_of_strncmp                 (abs)        000000
__size_of_strstr                  (abs)        000000
__size_of_time_adc                (abs)        000000
__size_of_timer_2_initial         (abs)        000000
__size_of_timer_intrrupt_initinal (abs)        000000
__size_of_transmit_finger         (abs)        000000
__smallconst                      smallconst   000000
_count                            bssCOMRAM    00005C
_delayFor18Tcy                    text13       001976
_delay_ms                         text42       0018EC
_delay_us                         text48       001918
_dpowers                          mediumconst  007B0F
_finger_reset                     text6        00197E
_finger_under_0                   mediumconst  0078CD
_finger_under_1                   mediumconst  0079A5
_finger_under_2                   mediumconst  0077EB
_finger_under_3                   mediumconst  007A65
_finger_under_4                   mediumconst  00760F
_finger_up_0                      mediumconst  007185
_finger_up_1                      mediumconst  0076FF
_finger_up_2                      mediumconst  00750D
_finger_up_3                      mediumconst  0073E9
_finger_up_4                      mediumconst  0072BB
_hexpowers                        mediumconst  007B19
_initial_UART                     text5        001804
_isdigit                          text26       0018B6
_isdigit$1676                     cstackCOMRAM 000013
_main                             text0        0010AC
_memset                           text4        001736
_oclillator_initial               text3        00196E
_octpowers                        mediumconst  007B03
_s                                bssCOMRAM    000054
_sprintf                          text25       000012
_sprintf$1439                     cstackBANK0  000081
_sprintf$1440                     cstackBANK0  000083
_sprintf$1446                     cstackBANK0  000085
_str1_1esp8266                    bssBANK2     000234
_strEsp8266_Fram_Record           bssBANK2     00029A
_strPc1_1_Fram_Record             bssBANK2     000267
_strPc_Fram_Record                bssBANK2     000200
_strchr                           text37       001604
_strlen                           text36       001556
_strncmp                          text35       001248
_strstr                           text34       0011C4
_test                             bssCOMRAM    000036
_test_index                       bssCOMRAM    000058
_time_adc                         intcode      000008
_timer_2_initial                  text2        0018D4
_timer_intrrupt_initinal          text1        00192E
_transmit_finger                  text40       00163A
_work_flag                        bssCOMRAM    00005A
_write                            bssCOMRAM    00005B
btemp                             temp         000065
delay_ms@ms                       cstackCOMRAM 000014
delay_us@us                       cstackCOMRAM 000013
end_of_initialization             cinit        00142C
int$flags                         temp         000065
int_func                          intcode_body 000C44
intlevel0                         text         000000
intlevel1                         text         000000
intlevel2                         text         000000
intlevel3                         text         000000
isdigit@c                         cstackCOMRAM 000014
main@temp                         cstackCOMRAM 000034
memset@c                          cstackCOMRAM 000014
memset@n                          cstackCOMRAM 000016
memset@p                          cstackCOMRAM 000018
memset@p1                         cstackCOMRAM 000012
sprintf@ap                        cstackBANK0  00008B
sprintf@c                         cstackBANK0  000092
sprintf@cp                        cstackBANK0  000087
sprintf@f                         cstackCOMRAM 000020
sprintf@flag                      cstackBANK0  000093
sprintf@idx                       cstackBANK0  000080
sprintf@len                       cstackBANK0  000089
sprintf@prec                      cstackBANK0  00008F
sprintf@sp                        cstackCOMRAM 00001E
sprintf@val                       cstackBANK0  00008D
sprintf@width                     cstackBANK0  000090
stackhi                           (abs)        0005EE
stacklo                           (abs)        000364
start                             init         00000E
start_initialization              cinit        0013E8
strchr@chr                        cstackCOMRAM 000014
strchr@ptr                        cstackCOMRAM 000012
strlen@cp                         cstackCOMRAM 000016
strlen@s                          cstackCOMRAM 000012
strncmp@len                       cstackCOMRAM 00001C
strncmp@s1                        cstackCOMRAM 000018
strncmp@s2                        cstackCOMRAM 00001A
strstr@s1                         cstackCOMRAM 000021
strstr@s2                         cstackCOMRAM 000023
time_adc@ch                       cstackCOMRAM 000011
transmit_finger@HL_Value          cstackCOMRAM 00001A
transmit_finger@Hbyte             cstackCOMRAM 00001D
transmit_finger@Lbyte             cstackCOMRAM 00001E
transmit_finger@finger            cstackCOMRAM 00001C


FUNCTION INFORMATION:

 *************** function _main *****************
 Defined at:
		line 153 in file "main.c"
 Parameters:    Size  Location     Type
		None
 Auto vars:     Size  Location     Type
  t              20    0        unsigned char [20]
  print           5    0        unsigned char [5]
  temp            2   51[COMRAM] PTR unsigned char 
		 -> strEsp8266_Fram_Record.Data_RX_BUF(50), NULL(0), strEsp8266_Fram_Record(52), 
 Return value:  Size  Location     Type
                  1    wreg      void 
 Registers used:
		wreg, fsr0l, fsr0h, fsr1l, fsr1h, fsr2l, fsr2h, status,2, status,0, tblptrl, tblptrh, tblptru, prodl, prodh, cstack
 Tracked objects:
		On entry : 
		On exit  : 
		Unchanged: 
 Data sizes:     COMRAM   BANK0   BANK1   BANK2   BANK3   BANK4   BANK5
      Params:         0       0       0       0       0       0       0
      Locals:         2       0       0       0       0       0       0
      Temps:          0       0       0       0       0       0       0
      Totals:         2       0       0       0       0       0       0
Total ram usage:        2 bytes
 Hardware stack levels required when called:    9
 This function calls:
		_ADtoPWM
		_ESP8266_ReceiveString
		_ESP8266_client
		_GPIO_initial
		_LCD_GotoXY
		_LCD_Initialize
		_LCD_WriteCmd
		_LCD_WritetStr
		_PCA9685_init
		_delay_ms
		_finger_reset
		_initial_UART
		_memset
		_oclillator_initial
		_timer_2_initial
		_timer_intrrupt_initinal
 This function is called by:
		Startup code after reset
 This function uses a non-reentrant model


 *************** function _timer_intrrupt_initinal *****************
 Defined at:
		line 36 in file "harwave/initial.c"
 Parameters:    Size  Location     Type
		None
 Auto vars:     Size  Location     Type
		None
 Return value:  Size  Location     Type
                  1    wreg      void 
 Registers used:
		None
 Tracked objects:
		On entry : 
		On exit  : 
		Unchanged: 
 Data sizes:     COMRAM   BANK0   BANK1   BANK2   BANK3   BANK4   BANK5
      Params:         0       0       0       0       0       0       0
      Locals:         0       0       0       0       0       0       0
      Temps:          0       0       0       0       0       0       0
      Totals:         0       0       0       0       0       0       0
Total ram usage:        0 bytes
 Hardware stack levels used:    1
 Hardware stack levels required when called:    1
 This function calls:
		Nothing
 This function is called by:
		_main
 This function uses a non-reentrant model


 *************** function _timer_2_initial *****************
 Defined at:
		line 46 in file "harwave/initial.c"
 Parameters:    Size  Location     Type
		None
 Auto vars:     Size  Location     Type
		None
 Return value:  Size  Location     Type
                  1    wreg      void 
 Registers used:
		wreg, status,2
 Tracked objects:
		On entry : 
		On exit  : 
		Unchanged: 
 Data sizes:     COMRAM   BANK0   BANK1   BANK2   BANK3   BANK4   BANK5
      Params:         0       0       0       0       0       0       0
      Locals:         0       0       0       0       0       0       0
      Temps:          0       0       0       0       0       0       0
      Totals:         0       0       0       0       0       0       0
Total ram usage:        0 bytes
 Hardware stack levels used:    1
 Hardware stack levels required when called:    1
 This function calls:
		Nothing
 This function is called by:
		_main
 This function uses a non-reentrant model


 *************** function _oclillator_initial *****************
 Defined at:
		line 13 in file "harwave/initial.c"
 Parameters:    Size  Location     Type
		None
 Auto vars:     Size  Location     Type
		None
 Return value:  Size  Location     Type
                  1    wreg      void 
 Registers used:
		None
 Tracked objects:
		On entry : 
		On exit  : 
		Unchanged: 
 Data sizes:     COMRAM   BANK0   BANK1   BANK2   BANK3   BANK4   BANK5
      Params:         0       0       0       0       0       0       0
      Locals:         0       0       0       0       0       0       0
      Temps:          0       0       0       0       0       0       0
      Totals:         0       0       0       0       0       0       0
Total ram usage:        0 bytes
 Hardware stack levels used:    1
 Hardware stack levels required when called:    1
 This function calls:
		Nothing
 This function is called by:
		_main
 This function uses a non-reentrant model


 *************** function _memset *****************
 Defined at:
		line 8 in file "C:\Program Files (x86)\Microchip\xc8\v1.41\sources\common\memset.c"
 Parameters:    Size  Location     Type
  p1              2   17[COMRAM] PTR void 
		 -> strEsp8266_Fram_Record(52), 
  c               2   19[COMRAM] int 
  n               2   21[COMRAM] unsigned int 
 Auto vars:     Size  Location     Type
  p               2   23[COMRAM] PTR unsigned char 
		 -> strEsp8266_Fram_Record(52), 
 Return value:  Size  Location     Type
                  2   17[COMRAM] PTR void 
 Registers used:
		wreg, fsr2l, fsr2h, status,2, status,0
 Tracked objects:
		On entry : 
		On exit  : 
		Unchanged: 
 Data sizes:     COMRAM   BANK0   BANK1   BANK2   BANK3   BANK4   BANK5
      Params:         6       0       0       0       0       0       0
      Locals:         2       0       0       0       0       0       0
      Temps:          0       0       0       0       0       0       0
      Totals:         8       0       0       0       0       0       0
Total ram usage:        8 bytes
 Hardware stack levels used:    1
 Hardware stack levels required when called:    1
 This function calls:
		Nothing
 This function is called by:
		_main
 This function uses a non-reentrant model


 *************** function _initial_UART *****************
 Defined at:
		line 36 in file "harwave/UART.c"
 Parameters:    Size  Location     Type
		None
 Auto vars:     Size  Location     Type
		None
 Return value:  Size  Location     Type
                  1    wreg      void 
 Registers used:
		wreg, status,2
 Tracked objects:
		On entry : 
		On exit  : 
		Unchanged: 
 Data sizes:     COMRAM   BANK0   BANK1   BANK2   BANK3   BANK4   BANK5
      Params:         0       0       0       0       0       0       0
      Locals:         0       0       0       0       0       0       0
      Temps:          0       0       0       0       0       0       0
      Totals:         0       0       0       0       0       0       0
Total ram usage:        0 bytes
 Hardware stack levels used:    1
 Hardware stack levels required when called:    1
 This function calls:
		Nothing
 This function is called by:
		_main
 This function uses a non-reentrant model


 *************** function _finger_reset *****************
 Defined at:
		line 150 in file "main.c"
 Parameters:    Size  Location     Type
		None
 Auto vars:     Size  Location     Type
		None
 Return value:  Size  Location     Type
                  1    wreg      void 
 Registers used:
		None
 Tracked objects:
		On entry : 
		On exit  : 
		Unchanged: 
 Data sizes:     COMRAM   BANK0   BANK1   BANK2   BANK3   BANK4   BANK5
      Params:         0       0       0       0       0       0       0
      Locals:         0       0       0       0       0       0       0
      Temps:          0       0       0       0       0       0       0
      Totals:         0       0       0       0       0       0       0
Total ram usage:        0 bytes
 Hardware stack levels used:    1
 Hardware stack levels required when called:    1
 This function calls:
		Nothing
 This function is called by:
		_main
 This function uses a non-reentrant model


 *************** function _PCA9685_init *****************
 Defined at:
		line 19 in file "harwave/initial.c"
 Parameters:    Size  Location     Type
		None
 Auto vars:     Size  Location     Type
		None
 Return value:  Size  Location     Type
                  1    wreg      void 
 Registers used:
		wreg, status,2, status,0, cstack
 Tracked objects:
		On entry : 
		On exit  : 
		Unchanged: 
 Data sizes:     COMRAM   BANK0   BANK1   BANK2   BANK3   BANK4   BANK5
      Params:         0       0       0       0       0       0       0
      Locals:         0       0       0       0       0       0       0
      Temps:          0       0       0       0       0       0       0
      Totals:         0       0       0       0       0       0       0
Total ram usage:        0 bytes
 Hardware stack levels used:    1
 Hardware stack levels required when called:    6
 This function calls:
		_IIC_Init
		_PCA9685_writeOneByte
 This function is called by:
		_main
 This function uses a non-reentrant model


 *************** function _IIC_Init *****************
 Defined at:
		line 5 in file "harwave/softIIC.c"
 Parameters:    Size  Location     Type
		None
 Auto vars:     Size  Location     Type
		None
 Return value:  Size  Location     Type
                  1    wreg      void 
 Registers used:
		wreg, status,2, status,0, cstack
 Tracked objects:
		On entry : 
		On exit  : 
		Unchanged: 
 Data sizes:     COMRAM   BANK0   BANK1   BANK2   BANK3   BANK4   BANK5
      Params:         0       0       0       0       0       0       0
      Locals:         0       0       0       0       0       0       0
      Temps:          0       0       0       0       0       0       0
      Totals:         0       0       0       0       0       0       0
Total ram usage:        0 bytes
 Hardware stack levels used:    1
 Hardware stack levels required when called:    3
 This function calls:
		_delay_us
 This function is called by:
		_PCA9685_init
 This function uses a non-reentrant model


 *************** function _LCD_WritetStr *****************
 Defined at:
		line 119 in file "harwave/lcd.c"
 Parameters:    Size  Location     Type
  str             2   22[COMRAM] PTR const unsigned char 
		 -> STR_62(6), 
 Auto vars:     Size  Location     Type
  i               1   26[COMRAM] unsigned char 
 Return value:  Size  Location     Type
                  1    wreg      void 
 Registers used:
		wreg, status,2, status,0, tblptrl, tblptrh, tblptru, prodl, prodh, cstack
 Tracked objects:
		On entry : 
		On exit  : 
		Unchanged: 
 Data sizes:     COMRAM   BANK0   BANK1   BANK2   BANK3   BANK4   BANK5
      Params:         2       0       0       0       0       0       0
      Locals:         1       0       0       0       0       0       0
      Temps:          2       0       0       0       0       0       0
      Totals:         5       0       0       0       0       0       0
Total ram usage:        5 bytes
 Hardware stack levels used:    1
 Hardware stack levels required when called:    4
 This function calls:
		_LCD_WriteData
 This function is called by:
		_main
 This function uses a non-reentrant model


 *************** function _LCD_WriteData *****************
 Defined at:
		line 105 in file "harwave/lcd.c"
 Parameters:    Size  Location     Type
  ch              1    wreg     unsigned char 
 Auto vars:     Size  Location     Type
  ch              1   21[COMRAM] unsigned char 
 Return value:  Size  Location     Type
                  1    wreg      void 
 Registers used:
		wreg, status,2, status,0, cstack
 Tracked objects:
		On entry : 
		On exit  : 
		Unchanged: 
 Data sizes:     COMRAM   BANK0   BANK1   BANK2   BANK3   BANK4   BANK5
      Params:         0       0       0       0       0       0       0
      Locals:         1       0       0       0       0       0       0
      Temps:          0       0       0       0       0       0       0
      Totals:         1       0       0       0       0       0       0
Total ram usage:        1 bytes
 Hardware stack levels used:    1
 Hardware stack levels required when called:    3
 This function calls:
		_LCDWriteNibble
		_delay_ms
 This function is called by:
		_LCD_WritetStr
		_LCD_CreateFont
 This function uses a non-reentrant model


 *************** function _LCD_Initialize *****************
 Defined at:
		line 4 in file "harwave/lcd.c"
 Parameters:    Size  Location     Type
		None
 Auto vars:     Size  Location     Type
		None
 Return value:  Size  Location     Type
                  1    wreg      void 
 Registers used:
		wreg, status,2, status,0, cstack
 Tracked objects:
		On entry : 
		On exit  : 
		Unchanged: 
 Data sizes:     COMRAM   BANK0   BANK1   BANK2   BANK3   BANK4   BANK5
      Params:         0       0       0       0       0       0       0
      Locals:         0       0       0       0       0       0       0
      Temps:          0       0       0       0       0       0       0
      Totals:         0       0       0       0       0       0       0
Total ram usage:        0 bytes
 Hardware stack levels used:    1
 Hardware stack levels required when called:    4
 This function calls:
		_LCD_WaitBusy
		_LCD_WriteCmd
		_delay_ms
 This function is called by:
		_main
 This function uses a non-reentrant model


 *************** function _LCD_WaitBusy *****************
 Defined at:
		line 138 in file "harwave/lcd.c"
 Parameters:    Size  Location     Type
		None
 Auto vars:     Size  Location     Type
		None
 Return value:  Size  Location     Type
                  1    wreg      unsigned char 
 Registers used:
		wreg, status,2, status,0, cstack
 Tracked objects:
		On entry : 
		On exit  : 
		Unchanged: 
 Data sizes:     COMRAM   BANK0   BANK1   BANK2   BANK3   BANK4   BANK5
      Params:         0       0       0       0       0       0       0
      Locals:         0       0       0       0       0       0       0
      Temps:          0       0       0       0       0       0       0
      Totals:         0       0       0       0       0       0       0
Total ram usage:        0 bytes
 Hardware stack levels used:    1
 Hardware stack levels required when called:    3
 This function calls:
		_delayFor18Tcy
 This function is called by:
		_LCD_Initialize
 This function uses a non-reentrant model


 *************** function _delayFor18Tcy *****************
 Defined at:
		line 18 in file "harwave/mydelay.c"
 Parameters:    Size  Location     Type
		None
 Auto vars:     Size  Location     Type
		None
 Return value:  Size  Location     Type
                  1    wreg      void 
 Registers used:
		wreg, cstack
 Tracked objects:
		On entry : 
		On exit  : 
		Unchanged: 
 Data sizes:     COMRAM   BANK0   BANK1   BANK2   BANK3   BANK4   BANK5
      Params:         0       0       0       0       0       0       0
      Locals:         0       0       0       0       0       0       0
      Temps:          0       0       0       0       0       0       0
      Totals:         0       0       0       0       0       0       0
Total ram usage:        0 bytes
 Hardware stack levels used:    1
 Hardware stack levels required when called:    2
 This function calls:
		_Delay1TCYx
 This function is called by:
		_LCD_WaitBusy
 This function uses a non-reentrant model


 *************** function _Delay1TCYx *****************
 Defined at:
		line 4 in file "C:\Program Files (x86)\Microchip\xc8\v1.41\sources\pic18\d1tcyx.c"
 Parameters:    Size  Location     Type
  unit            1    wreg     unsigned char 
 Auto vars:     Size  Location     Type
  unit            1   17[COMRAM] unsigned char 
 Return value:  Size  Location     Type
                  1    wreg      void 
 Registers used:
		wreg
 Tracked objects:
		On entry : 
		On exit  : 
		Unchanged: 
 Data sizes:     COMRAM   BANK0   BANK1   BANK2   BANK3   BANK4   BANK5
      Params:         0       0       0       0       0       0       0
      Locals:         1       0       0       0       0       0       0
      Temps:          0       0       0       0       0       0       0
      Totals:         1       0       0       0       0       0       0
Total ram usage:        1 bytes
 Hardware stack levels used:    1
 Hardware stack levels required when called:    1
 This function calls:
		Nothing
 This function is called by:
		_delayFor18Tcy
		_delay_us1
 This function uses a non-reentrant model


 *************** function _LCD_GotoXY *****************
 Defined at:
		line 89 in file "harwave/lcd.c"
 Parameters:    Size  Location     Type
  pos             1    wreg     unsigned char 
  ln              1   22[COMRAM] unsigned char 
 Auto vars:     Size  Location     Type
  pos             1   27[COMRAM] unsigned char 
 Return value:  Size  Location     Type
                  1    wreg      void 
 Registers used:
		wreg, status,2, status,0, cstack
 Tracked objects:
		On entry : 
		On exit  : 
		Unchanged: 
 Data sizes:     COMRAM   BANK0   BANK1   BANK2   BANK3   BANK4   BANK5
      Params:         1       0       0       0       0       0       0
      Locals:         3       0       0       0       0       0       0
      Temps:          2       0       0       0       0       0       0
      Totals:         6       0       0       0       0       0       0
Total ram usage:        6 bytes
 Hardware stack levels used:    1
 Hardware stack levels required when called:    4
 This function calls:
		_LCD_WriteCmd
		_delay_ms
 This function is called by:
		_main
		_LCD_CreateFont
 This function uses a non-reentrant model


 *************** function _LCD_WriteCmd *****************
 Defined at:
		line 74 in file "harwave/lcd.c"
 Parameters:    Size  Location     Type
  ch              1    wreg     unsigned char 
 Auto vars:     Size  Location     Type
  ch              1   21[COMRAM] unsigned char 
 Return value:  Size  Location     Type
                  1    wreg      void 
 Registers used:
		wreg, status,2, status,0, cstack
 Tracked objects:
		On entry : 
		On exit  : 
		Unchanged: 
 Data sizes:     COMRAM   BANK0   BANK1   BANK2   BANK3   BANK4   BANK5
      Params:         0       0       0       0       0       0       0
      Locals:         1       0       0       0       0       0       0
      Temps:          0       0       0       0       0       0       0
      Totals:         1       0       0       0       0       0       0
Total ram usage:        1 bytes
 Hardware stack levels used:    1
 Hardware stack levels required when called:    3
 This function calls:
		_LCDWriteNibble
		_delay_ms
 This function is called by:
		_LCD_Initialize
		_LCD_GotoXY
		_main
		_LCD_CreateFont
 This function uses a non-reentrant model


 *************** function _LCDWriteNibble *****************
 Defined at:
		line 41 in file "harwave/lcd.c"
 Parameters:    Size  Location     Type
  ch              1    wreg     unsigned char 
  rs              1   17[COMRAM] unsigned char 
 Auto vars:     Size  Location     Type
  ch              1   18[COMRAM] unsigned char 
 Return value:  Size  Location     Type
                  1    wreg      void 
 Registers used:
		wreg, status,2, status,0
 Tracked objects:
		On entry : 
		On exit  : 
		Unchanged: 
 Data sizes:     COMRAM   BANK0   BANK1   BANK2   BANK3   BANK4   BANK5
      Params:         1       0       0       0       0       0       0
      Locals:         1       0       0       0       0       0       0
      Temps:          0       0       0       0       0       0       0
      Totals:         2       0       0       0       0       0       0
Total ram usage:        2 bytes
 Hardware stack levels used:    1
 Hardware stack levels required when called:    1
 This function calls:
		Nothing
 This function is called by:
		_LCD_WriteCmd
		_LCD_WriteData
 This function uses a non-reentrant model


 *************** function _GPIO_initial *****************
 Defined at:
		line 5 in file "harwave/initial.c"
 Parameters:    Size  Location     Type
		None
 Auto vars:     Size  Location     Type
		None
 Return value:  Size  Location     Type
                  1    wreg      void 
 Registers used:
		wreg, status,2
 Tracked objects:
		On entry : 
		On exit  : 
		Unchanged: 
 Data sizes:     COMRAM   BANK0   BANK1   BANK2   BANK3   BANK4   BANK5
      Params:         0       0       0       0       0       0       0
      Locals:         0       0       0       0       0       0       0
      Temps:          0       0       0       0       0       0       0
      Totals:         0       0       0       0       0       0       0
Total ram usage:        0 bytes
 Hardware stack levels used:    1
 Hardware stack levels required when called:    1
 This function calls:
		Nothing
 This function is called by:
		_main
 This function uses a non-reentrant model


 *************** function _ESP8266_client *****************
 Defined at:
		line 246 in file "harwave/UART.c"
 Parameters:    Size  Location     Type
		None
 Auto vars:     Size  Location     Type
		None
 Return value:  Size  Location     Type
                  1    wreg      void 
 Registers used:
		wreg, fsr0l, fsr0h, fsr1l, fsr1h, fsr2l, fsr2h, status,2, status,0, tblptrl, tblptrh, tblptru, prodl, prodh, cstack
 Tracked objects:
		On entry : 
		On exit  : 
		Unchanged: 
 Data sizes:     COMRAM   BANK0   BANK1   BANK2   BANK3   BANK4   BANK5
      Params:         0       0       0       0       0       0       0
      Locals:         0       0       0       0       0       0       0
      Temps:          0       0       0       0       0       0       0
      Totals:         0       0       0       0       0       0       0
Total ram usage:        0 bytes
 Hardware stack levels used:    1
 Hardware stack levels required when called:    6
 This function calls:
		_ESP8266_AT_Test
		_ESP8266_Cmd
		_ESP8266_JoinAP
		_ESP8266_Link_Server
		_ESP8266_Rst
		_STA_MODE
 This function is called by:
		_main
 This function uses a non-reentrant model


 *************** function _STA_MODE *****************
 Defined at:
		line 230 in file "harwave/UART.c"
 Parameters:    Size  Location     Type
		None
 Auto vars:     Size  Location     Type
		None
 Return value:  Size  Location     Type
                  1    wreg      void 
 Registers used:
		wreg, fsr0l, fsr0h, fsr2l, fsr2h, status,2, status,0, tblptrl, tblptrh, tblptru, cstack
 Tracked objects:
		On entry : 
		On exit  : 
		Unchanged: 
 Data sizes:     COMRAM   BANK0   BANK1   BANK2   BANK3   BANK4   BANK5
      Params:         0       0       0       0       0       0       0
      Locals:         0       0       0       0       0       0       0
      Temps:          0       0       0       0       0       0       0
      Totals:         0       0       0       0       0       0       0
Total ram usage:        0 bytes
 Hardware stack levels used:    1
 Hardware stack levels required when called:    5
 This function calls:
		_ESP8266_Cmd
		_ESP8266_Net_Mode_Choose
 This function is called by:
		_ESP8266_client
 This function uses a non-reentrant model


 *************** function _ESP8266_Net_Mode_Choose *****************
 Defined at:
		line 148 in file "harwave/UART.c"
 Parameters:    Size  Location     Type
  MODE            1    wreg     enum E3772
 Auto vars:     Size  Location     Type
  MODE            1   45[COMRAM] enum E3772
 Return value:  Size  Location     Type
                  1    wreg      unsigned char 
 Registers used:
		wreg, fsr0l, fsr0h, fsr2l, fsr2h, status,2, status,0, tblptrl, tblptrh, tblptru, cstack
 Tracked objects:
		On entry : 
		On exit  : 
		Unchanged: 
 Data sizes:     COMRAM   BANK0   BANK1   BANK2   BANK3   BANK4   BANK5
      Params:         0       0       0       0       0       0       0
      Locals:         1       0       0       0       0       0       0
      Temps:          0       0       0       0       0       0       0
      Totals:         1       0       0       0       0       0       0
Total ram usage:        1 bytes
 Hardware stack levels used:    1
 Hardware stack levels required when called:    4
 This function calls:
		_ESP8266_Cmd
 This function is called by:
		_STA_MODE
		_AP_MODE
 This function uses a non-reentrant model


 *************** function _ESP8266_Rst *****************
 Defined at:
		line 135 in file "harwave/UART.c"
 Parameters:    Size  Location     Type
		None
 Auto vars:     Size  Location     Type
		None
 Return value:  Size  Location     Type
                  1    wreg      void 
 Registers used:
		wreg, fsr0l, fsr0h, fsr2l, fsr2h, status,2, status,0, tblptrl, tblptrh, tblptru, cstack
 Tracked objects:
		On entry : 
		On exit  : 
		Unchanged: 
 Data sizes:     COMRAM   BANK0   BANK1   BANK2   BANK3   BANK4   BANK5
      Params:         0       0       0       0       0       0       0
      Locals:         0       0       0       0       0       0       0
      Temps:          0       0       0       0       0       0       0
      Totals:         0       0       0       0       0       0       0
Total ram usage:        0 bytes
 Hardware stack levels used:    1
 Hardware stack levels required when called:    4
 This function calls:
		_ESP8266_Cmd
 This function is called by:
		_ESP8266_client
		_ESP8266_Server
 This function uses a non-reentrant model


 *************** function _ESP8266_Link_Server *****************
 Defined at:
		line 185 in file "harwave/UART.c"
 Parameters:    Size  Location     Type
  enumE           1    wreg     enum E3769
  ip              2   45[COMRAM] PTR unsigned char 
		 -> STR_57(12), 
  ComNum          2   47[COMRAM] PTR unsigned char 
		 -> STR_58(5), 
  id              2   49[COMRAM] int 
 Auto vars:     Size  Location     Type
  enumE           1  220[BANK1 ] enum E3769
  cCmd          120    0[BANK1 ] unsigned char [120]
  cStr          100  120[BANK1 ] unsigned char [100]
 Return value:  Size  Location     Type
                  1    wreg      unsigned char 
 Registers used:
		wreg, fsr0l, fsr0h, fsr1l, fsr1h, fsr2l, fsr2h, status,2, status,0, tblptrl, tblptrh, tblptru, prodl, prodh, cstack
 Tracked objects:
		On entry : 
		On exit  : 
		Unchanged: 
 Data sizes:     COMRAM   BANK0   BANK1   BANK2   BANK3   BANK4   BANK5
      Params:         6       0       0       0       0       0       0
      Locals:         0       0     221       0       0       0       0
      Temps:          0       0       0       0       0       0       0
      Totals:         6       0     221       0       0       0       0
Total ram usage:      227 bytes
 Hardware stack levels used:    1
 Hardware stack levels required when called:    4
 This function calls:
		_ESP8266_Cmd
		_sprintf
 This function is called by:
		_ESP8266_client
 This function uses a non-reentrant model


 *************** function _ESP8266_JoinAP *****************
 Defined at:
		line 167 in file "harwave/UART.c"
 Parameters:    Size  Location     Type
  pSSID           2   45[COMRAM] PTR unsigned char 
		 -> STR_51(4), 
  pPassWord       2   47[COMRAM] PTR unsigned char 
		 -> STR_52(10), 
 Auto vars:     Size  Location     Type
  cCmd          120    0[BANK1 ] unsigned char [120]
 Return value:  Size  Location     Type
                  1    wreg      unsigned char 
 Registers used:
		wreg, fsr0l, fsr0h, fsr2l, fsr2h, status,2, status,0, tblptrl, tblptrh, tblptru, prodl, prodh, cstack
 Tracked objects:
		On entry : 
		On exit  : 
		Unchanged: 
 Data sizes:     COMRAM   BANK0   BANK1   BANK2   BANK3   BANK4   BANK5
      Params:         4       0       0       0       0       0       0
      Locals:         0       0     120       0       0       0       0
[...]
  u3              2    0        unsigned int 
  u2              2    0        unsigned int 
  u1              2    0        unsigned int 
  u0              2    0        unsigned int 
 Return value:  Size  Location     Type
                  1    wreg      void 
 Registers used:
		wreg, fsr2l, fsr2h, status,2, status,0, tblptrl, tblptrh, tblptru, cstack
 Tracked objects:
		On entry : 
		On exit  : 
		Unchanged: 
 Data sizes:     COMRAM   BANK0   BANK1   BANK2   BANK3   BANK4   BANK5
      Params:         2       0       0       0       0       0       0
      Locals:         4       0       0       0       0       0       0
      Temps:          4       0       0       0       0       0       0
      Totals:        10       0       0       0       0       0       0
Total ram usage:       10 bytes
 Hardware stack levels used:    1
 Hardware stack levels required when called:    8
 This function calls:
		_PWMt0PCA
 This function is called by:
		_main
 This function uses a non-reentrant model


 *************** function _PWMt0PCA *****************
 Defined at:
		line 47 in file "harwave/flex.c"
 Parameters:    Size  Location     Type
  up              2   30[COMRAM] unsigned int 
  low             2   32[COMRAM] unsigned int 
  finger          1   34[COMRAM] enum E3769
 Auto vars:     Size  Location     Type
		None
 Return value:  Size  Location     Type
                  1    wreg      void 
 Registers used:
		wreg, status,2, status,0, cstack
 Tracked objects:
		On entry : 
		On exit  : 
		Unchanged: 
 Data sizes:     COMRAM   BANK0   BANK1   BANK2   BANK3   BANK4   BANK5
      Params:         5       0       0       0       0       0       0
      Locals:         0       0       0       0       0       0       0
      Temps:          0       0       0       0       0       0       0
      Totals:         5       0       0       0       0       0       0
Total ram usage:        5 bytes
 Hardware stack levels used:    1
 Hardware stack levels required when called:    7
 This function calls:
		_transmit_finger
 This function is called by:
		_ADtoPWM
 This function uses a non-reentrant model


 *************** function _transmit_finger *****************
 Defined at:
		line 7 in file "harwave/flex.c"
 Parameters:    Size  Location     Type
  HL_Value        2   25[COMRAM] unsigned int 
  finger          1   27[COMRAM] unsigned char 
 Auto vars:     Size  Location     Type
  Lbyte           1   29[COMRAM] unsigned char 
  Hbyte           1   28[COMRAM] unsigned char 
 Return value:  Size  Location     Type
                  1    wreg      void 
 Registers used:
		wreg, status,2, status,0, cstack
 Tracked objects:
		On entry : 
		On exit  : 
		Unchanged: 
 Data sizes:     COMRAM   BANK0   BANK1   BANK2   BANK3   BANK4   BANK5
      Params:         3       0       0       0       0       0       0
      Locals:         2       0       0       0       0       0       0
      Temps:          0       0       0       0       0       0       0
      Totals:         5       0       0       0       0       0       0
Total ram usage:        5 bytes
 Hardware stack levels used:    1
 Hardware stack levels required when called:    6
 This function calls:
		_PCA9685_writeOneByte
 This function is called by:
		_PWMt0PCA
 This function uses a non-reentrant model


 *************** function _PCA9685_writeOneByte *****************
 Defined at:
		line 6 in file "harwave/PCA9685.c"
 Parameters:    Size  Location     Type
  addr            1    wreg     unsigned char 
  data            1   23[COMRAM] unsigned char 
 Auto vars:     Size  Location     Type
  addr            1   24[COMRAM] unsigned char 
 Return value:  Size  Location     Type
                  1    wreg      void 
 Registers used:
		wreg, status,2, status,0, cstack
 Tracked objects:
		On entry : 
		On exit  : 
		Unchanged: 
 Data sizes:     COMRAM   BANK0   BANK1   BANK2   BANK3   BANK4   BANK5
      Params:         1       0       0       0       0       0       0
      Locals:         1       0       0       0       0       0       0
      Temps:          0       0       0       0       0       0       0
      Totals:         2       0       0       0       0       0       0
Total ram usage:        2 bytes
 Hardware stack levels used:    1
 Hardware stack levels required when called:    5
 This function calls:
		_IIC_Send_Byte
		_IIC_Start
		_IIC_Stop
		_IIC_Wait_Ack
		_delay_ms
 This function is called by:
		_transmit_finger
		_PCA9685_init
		_PCA9685_Write
 This function uses a non-reentrant model


 *************** function _delay_ms *****************
 Defined at:
		line 3 in file "harwave/mydelay.c"
 Parameters:    Size  Location     Type
  ms              2   19[COMRAM] int 
 Auto vars:     Size  Location     Type
		None
 Return value:  Size  Location     Type
                  1    wreg      void 
 Registers used:
		wreg, status,2, status,0, cstack
 Tracked objects:
		On entry : 
		On exit  : 
		Unchanged: 
 Data sizes:     COMRAM   BANK0   BANK1   BANK2   BANK3   BANK4   BANK5
      Params:         2       0       0       0       0       0       0
      Locals:         0       0       0       0       0       0       0
      Temps:          0       0       0       0       0       0       0
      Totals:         2       0       0       0       0       0       0
Total ram usage:        2 bytes
 Hardware stack levels used:    1
 Hardware stack levels required when called:    2
 This function calls:
		_Delay10KTCYx
 This function is called by:
		_LCD_Initialize
		_LCD_WriteCmd
		_LCD_GotoXY
		_LCD_WriteData
		_PCA9685_writeOneByte
		_ESP8266_Cmd
		_main
 This function uses a non-reentrant model


 *************** function _Delay10KTCYx *****************
 Defined at:
		line 8 in file "C:\Program Files (x86)\Microchip\xc8\v1.41\sources\pic18\d10ktcyx.c"
 Parameters:    Size  Location     Type
  unit            1    wreg     unsigned char 
 Auto vars:     Size  Location     Type
  unit            1   18[COMRAM] unsigned char 
 Return value:  Size  Location     Type
                  1    wreg      void 
 Registers used:
		wreg
 Tracked objects:
		On entry : 
		On exit  : 
		Unchanged: 
 Data sizes:     COMRAM   BANK0   BANK1   BANK2   BANK3   BANK4   BANK5
      Params:         0       0       0       0       0       0       0
      Locals:         1       0       0       0       0       0       0
      Temps:          1       0       0       0       0       0       0
      Totals:         2       0       0       0       0       0       0
Total ram usage:        2 bytes
 Hardware stack levels used:    1
 Hardware stack levels required when called:    1
 This function calls:
		Nothing
 This function is called by:
		_delay_ms
 This function uses a non-reentrant model


 *************** function _IIC_Wait_Ack *****************
 Defined at:
		line 43 in file "harwave/softIIC.c"
 Parameters:    Size  Location     Type
		None
 Auto vars:     Size  Location     Type
  ucErrTime       1   20[COMRAM] unsigned char 
 Return value:  Size  Location     Type
                  1    wreg      unsigned char 
 Registers used:
		wreg, status,2, status,0, cstack
 Tracked objects:
		On entry : 
		On exit  : 
		Unchanged: 
 Data sizes:     COMRAM   BANK0   BANK1   BANK2   BANK3   BANK4   BANK5
      Params:         0       0       0       0       0       0       0
      Locals:         1       0       0       0       0       0       0
      Temps:          0       0       0       0       0       0       0
      Totals:         1       0       0       0       0       0       0
Total ram usage:        1 bytes
 Hardware stack levels used:    1
 Hardware stack levels required when called:    4
 This function calls:
		_IIC_Stop
		_delay_us
 This function is called by:
		_PCA9685_writeOneByte
		_PCA9685_readOneByte
 This function uses a non-reentrant model


 *************** function _IIC_Stop *****************
 Defined at:
		line 29 in file "harwave/softIIC.c"
 Parameters:    Size  Location     Type
		None
 Auto vars:     Size  Location     Type
		None
 Return value:  Size  Location     Type
                  1    wreg      void 
 Registers used:
		wreg, status,2, status,0, cstack
 Tracked objects:
		On entry : 
		On exit  : 
		Unchanged: 
 Data sizes:     COMRAM   BANK0   BANK1   BANK2   BANK3   BANK4   BANK5
      Params:         0       0       0       0       0       0       0
      Locals:         0       0       0       0       0       0       0
      Temps:          0       0       0       0       0       0       0
      Totals:         0       0       0       0       0       0       0
Total ram usage:        0 bytes
 Hardware stack levels used:    1
 Hardware stack levels required when called:    3
 This function calls:
		_delay_us
 This function is called by:
		_PCA9685_writeOneByte
		_IIC_Wait_Ack
		_PCA9685_readOneByte
 This function uses a non-reentrant model


 *************** function _IIC_Start *****************
 Defined at:
		line 18 in file "harwave/softIIC.c"
 Parameters:    Size  Location     Type
		None
 Auto vars:     Size  Location     Type
		None
 Return value:  Size  Location     Type
                  1    wreg      void 
 Registers used:
		wreg, status,2, status,0, cstack
 Tracked objects:
		On entry : 
		On exit  : 
		Unchanged: 
 Data sizes:     COMRAM   BANK0   BANK1   BANK2   BANK3   BANK4   BANK5
      Params:         0       0       0       0       0       0       0
      Locals:         0       0       0       0       0       0       0
      Temps:          0       0       0       0       0       0       0
      Totals:         0       0       0       0       0       0       0
Total ram usage:        0 bytes
 Hardware stack levels used:    1
 Hardware stack levels required when called:    3
 This function calls:
		_delay_us
 This function is called by:
		_PCA9685_writeOneByte
		_PCA9685_readOneByte
 This function uses a non-reentrant model


 *************** function _IIC_Send_Byte *****************
 Defined at:
		line 91 in file "harwave/softIIC.c"
 Parameters:    Size  Location     Type
  txd             1    wreg     unsigned char 
 Auto vars:     Size  Location     Type
  txd             1   21[COMRAM] unsigned char 
  t               1   22[COMRAM] unsigned char 
 Return value:  Size  Location     Type
                  1    wreg      void 
 Registers used:
		wreg, status,2, status,0, cstack
 Tracked objects:
		On entry : 
		On exit  : 
		Unchanged: 
 Data sizes:     COMRAM   BANK0   BANK1   BANK2   BANK3   BANK4   BANK5
      Params:         0       0       0       0       0       0       0
      Locals:         2       0       0       0       0       0       0
      Temps:          1       0       0       0       0       0       0
      Totals:         3       0       0       0       0       0       0
Total ram usage:        3 bytes
 Hardware stack levels used:    1
 Hardware stack levels required when called:    3
 This function calls:
		_delay_us
 This function is called by:
		_PCA9685_writeOneByte
		_PCA9685_readOneByte
 This function uses a non-reentrant model


 *************** function _delay_us *****************
 Defined at:
		line 11 in file "harwave/mydelay.c"
 Parameters:    Size  Location     Type
  us              2   18[COMRAM] int 
 Auto vars:     Size  Location     Type
		None
 Return value:  Size  Location     Type
                  1    wreg      void 
 Registers used:
		wreg, status,2, status,0, cstack
 Tracked objects:
		On entry : 
		On exit  : 
		Unchanged: 
 Data sizes:     COMRAM   BANK0   BANK1   BANK2   BANK3   BANK4   BANK5
      Params:         2       0       0       0       0       0       0
      Locals:         0       0       0       0       0       0       0
      Temps:          0       0       0       0       0       0       0
      Totals:         2       0       0       0       0       0       0
Total ram usage:        2 bytes
 Hardware stack levels used:    1
 Hardware stack levels required when called:    2
 This function calls:
		_Delay10TCYx
 This function is called by:
		_IIC_Init
		_IIC_Start
		_IIC_Stop
		_IIC_Wait_Ack
		_IIC_Send_Byte
		_IIC_Ack
		_IIC_NAck
		_IIC_Read_Byte
 This function uses a non-reentrant model


 *************** function _Delay10TCYx *****************
 Defined at:
		line 8 in file "C:\Program Files (x86)\Microchip\xc8\v1.41\sources\pic18\d10tcyx.c"
 Parameters:    Size  Location     Type
  unit            1    wreg     unsigned char 
 Auto vars:     Size  Location     Type
  unit            1   17[COMRAM] unsigned char 
 Return value:  Size  Location     Type
                  1    wreg      void 
 Registers used:
		wreg
 Tracked objects:
		On entry : 
		On exit  : 
		Unchanged: 
 Data sizes:     COMRAM   BANK0   BANK1   BANK2   BANK3   BANK4   BANK5
      Params:         0       0       0       0       0       0       0
      Locals:         1       0       0       0       0       0       0
      Temps:          0       0       0       0       0       0       0
      Totals:         1       0       0       0       0       0       0
Total ram usage:        1 bytes
 Hardware stack levels used:    1
 Hardware stack levels required when called:    1
 This function calls:
		Nothing
 This function is called by:
		_delay_us
		_delay_ms1
 This function uses a non-reentrant model


 *************** function _time_adc *****************
 Defined at:
		line 129 in file "main.c"
 Parameters:    Size  Location     Type
		None
 Auto vars:     Size  Location     Type
  ch              1   16[COMRAM] unsigned char 
 Return value:  Size  Location     Type
                  1    wreg      void 
 Registers used:
		wreg, fsr2l, fsr2h, status,2, status,0, prodl, prodh
 Tracked objects:
		On entry : 
		On exit  : 
		Unchanged: 
 Data sizes:     COMRAM   BANK0   BANK1   BANK2   BANK3   BANK4   BANK5
      Params:         0       0       0       0       0       0       0
      Locals:         1       0       0       0       0       0       0
      Temps:         16       0       0       0       0       0       0
      Totals:        17       0       0       0       0       0       0
Total ram usage:       17 bytes
 Hardware stack levels used:    1
 This function calls:
		Nothing
 This function is called by:
		Interrupt level 2
 This function uses a non-reentrant model



MODULE INFORMATION

Module		Function		Class		Link	Load	Size
C:\Program Files (x86)\Microchip\xc8\v1.41\sources\common\lwdiv.c
		___lwdiv       		CODE           	143A	0000	83

C:\Program Files (x86)\Microchip\xc8\v1.41\sources\common\lwdiv.c estimated size: 83

C:\Program Files (x86)\Microchip\xc8\v1.41\sources\pic18\d10tcyx.c
		_Delay10TCYx   		CODE           	193E	0000	17

C:\Program Files (x86)\Microchip\xc8\v1.41\sources\pic18\d10tcyx.c estimated size: 17

harwave/softIIC.c
		_IIC_Stop      		CODE           	184C	0000	37
		_IIC_Wait_Ack  		CODE           	1594	0000	59
		_IIC_Init      		CODE           	1894	0000	35
		_IIC_Send_Byte 		CODE           	133C	0000	89
		_IIC_Start     		CODE           	1870	0000	37

harwave/softIIC.c estimated size: 257

C:\Program Files (x86)\Microchip\xc8\v1.41\sources\common\doprnt.c
		_sprintf       		CODE           	0012	0000	2579

C:\Program Files (x86)\Microchip\xc8\v1.41\sources\common\doprnt.c estimated size: 2579

C:\Program Files (x86)\Microchip\xc8\v1.41\sources\common\strstr.c
		_strstr        		CODE           	11C4	0000	133

C:\Program Files (x86)\Microchip\xc8\v1.41\sources\common\strstr.c estimated size: 133

C:\Program Files (x86)\Microchip\xc8\v1.41\sources\common\Umul16.c
		___wmul        		CODE           	17DE	0000	39

C:\Program Files (x86)\Microchip\xc8\v1.41\sources\common\Umul16.c estimated size: 39

C:\Program Files (x86)\Microchip\xc8\v1.41\sources\common\isdigit.c
		_isdigit       		CODE           	18B6	0000	31

C:\Program Files (x86)\Microchip\xc8\v1.41\sources\common\isdigit.c estimated size: 31

harwave/initial.c
		_oclillator_initial		CODE           	196E	0000	9
		_PCA9685_init  		CODE           	1828	0000	37
		_timer_2_initial		CODE           	18D4	0000	25
		_timer_intrrupt_initinal		CODE           	192E	0000	17
		_GPIO_initial  		CODE           	194E	0000	15

harwave/initial.c estimated size: 103

harwave/flex.c
		_ADtoPWM       		CODE           	0EC8	0000	191
		_transmit_finger		CODE           	163A	0000	55
		_PWMt0PCA      		CODE           	0A24	0000	293

harwave/flex.c estimated size: 539

harwave/UART.c
		_ESP8266_Cmd   		CODE           	0D3C	0000	201
		_ESP8266_Rst   		CODE           	17B8	0000	39
		_ESP8266_Uart  		CODE           	12CA	0000	115
		_ESP8266_JoinAP		CODE           	148C	0000	75
		_ESP8266_client		CODE           	0E04	0000	197
		_ESP8266_ReceiveString		CODE           	101C	0000	145
		_ESP8266_Link_Server		CODE           	0B48	0000	253
		_ESP8266_AT_Test		CODE           	1762	0000	45
		_initial_UART  		CODE           	1804	0000	37
		_ESP8266_Net_Mode_Choose		CODE           	1138	0000	141
		_STA_MODE      		CODE           	16A6	0000	51

harwave/UART.c estimated size: 1299

C:\Program Files (x86)\Microchip\xc8\v1.41\sources\pic18\d1tcyx.c
		_Delay1TCYx    		CODE           	195C	0000	11

C:\Program Files (x86)\Microchip\xc8\v1.41\sources\pic18\d1tcyx.c estimated size: 11

harwave/PCA9685.c
		_PCA9685_writeOneByte		CODE           	1670	0000	55

harwave/PCA9685.c estimated size: 55

shared
		_finger_under_0		MEDIUMCONST    	78CD	0000	217
		_finger_under_1		MEDIUMCONST    	79A5	0000	193
		_finger_under_2		MEDIUMCONST    	77EB	0000	227
		_finger_under_3		MEDIUMCONST    	7A65	0000	159
		_finger_under_4		MEDIUMCONST    	760F	0000	241
		_dpowers       		MEDIUMCONST    	7B0F	0000	11
		__initialization		CODE           	13E8	0000	69
		_octpowers     		MEDIUMCONST    	7B03	0000	13
		_hexpowers     		MEDIUMCONST    	7B19	0000	9
		_finger_up_0   		MEDIUMCONST    	7185	0000	311
		_finger_up_1   		MEDIUMCONST    	76FF	0000	237
		_finger_up_2   		MEDIUMCONST    	750D	0000	259
		_finger_up_3   		MEDIUMCONST    	73E9	0000	293
		_finger_up_4   		MEDIUMCONST    	72BB	0000	303

shared estimated size: 2542

C:\Program Files (x86)\Microchip\xc8\v1.41\sources\common\lwmod.c
		___lwmod       		CODE           	14D6	0000	67

C:\Program Files (x86)\Microchip\xc8\v1.41\sources\common\lwmod.c estimated size: 67

C:\Program Files (x86)\Microchip\xc8\v1.41\sources\common\strlen.c
		_strlen        		CODE           	1556	0000	63

C:\Program Files (x86)\Microchip\xc8\v1.41\sources\common\strlen.c estimated size: 63

C:\Program Files (x86)\Microchip\xc8\v1.41\sources\common\strchr.c
		_strchr        		CODE           	1604	0000	55

C:\Program Files (x86)\Microchip\xc8\v1.41\sources\common\strchr.c estimated size: 55

C:\Program Files (x86)\Microchip\xc8\v1.41\sources\common\memset.c
		_memset        		CODE           	1736	0000	45

C:\Program Files (x86)\Microchip\xc8\v1.41\sources\common\memset.c estimated size: 45

C:\Program Files (x86)\Microchip\xc8\v1.41\sources\pic18\d10ktcyx.c
		_Delay10KTCYx  		CODE           	1902	0000	23

C:\Program Files (x86)\Microchip\xc8\v1.41\sources\pic18\d10ktcyx.c estimated size: 23

C:\Program Files (x86)\Microchip\xc8\v1.41\sources\common\strncmp.c
		_strncmp       		CODE           	1248	0000	131

C:\Program Files (x86)\Microchip\xc8\v1.41\sources\common\strncmp.c estimated size: 131

harwave/mydelay.c
		_delay_us      		CODE           	1918	0000	23
		_delayFor18Tcy 		CODE           	1976	0000	9
		_delay_ms      		CODE           	18EC	0000	23

harwave/mydelay.c estimated size: 55

main.c
		_finger_reset  		CODE           	197E	0000	3
		_main          		CODE           	10AC	0000	141
		_time_adc      		CODE           	0008	0000	255

main.c estimated size: 399

harwave/lcd.c
		_LCD_WaitBusy  		CODE           	16D8	0000	49
		_LCD_Initialize		CODE           	0F86	0000	151
		_LCDWriteNibble		CODE           	1708	0000	47
		_LCD_GotoXY    		CODE           	1518	0000	63
		_LCD_WriteCmd  		CODE           	15CE	0000	55
		_LCD_WriteData 		CODE           	178E	0000	43
		_LCD_WritetStr 		CODE           	1394	0000	85

harwave/lcd.c estimated size: 493

