Microchip MPLAB XC8 Compiler V1.41 ()

Linker command line:

-W-3 --edf=C:\Program Files (x86)\Microchip\xc8\v1.41\dat\en_msgs.txt -cs \
  -h+dist/default/production\servo123.X.production.sym \
  --cmf=dist/default/production\servo123.X.production.cmf -z -Q18F4520 \
  -oC:\Users\Keng\AppData\Local\Temp\se28.2 \
  -Mdist/default/production/servo123.X.production.map -E1 -ver=XC8 \
  -ASTACK=0365h-05ffh -pstack=STACK -ACODE=00h-07FFFh -ACONST=00h-07FFFh \
  -ASMALLCONST=0600h-06FFhx122 -AMEDIUMCONST=0600h-07FFFh -ACOMRAM=01h-07Fh \
  -AABS1=00h-05FFh -ABIGRAM=01h-05FFh -ARAM=080h-0FFh,0100h-01FFhx5 \
  -ABANK0=080h-0FFh -ABANK1=0100h-01FFh -ABANK2=0200h-02FFh \
  -ABANK3=0300h-03FFh -ABANK4=0400h-04FFh -ABANK5=0500h-05FFh \
  -ASFR=0F80h-0FFFh -preset_vec=00h,intcode=08h,intcodelo,powerup,init \
  -pramtop=0600h -psmallconst=SMALLCONST -pmediumconst=MEDIUMCONST \
  -pconst=CONST -AFARRAM=00h-00h -ACONFIG=0300000h-030000Dh -pconfig=CONFIG \
  -AIDLOC=0200000h-0200007h -pidloc=IDLOC -AEEDATA=0F00000h-0F000FFh \
  -peeprom_data=EEDATA \
  -prdata=COMRAM,nvrram=COMRAM,nvbit=COMRAM,rbss=COMRAM,rbit=COMRAM \
  -pfarbss=FARRAM,fardata=FARRAM,nvFARRAM=FARRAM \
  -pintsave_regs=BIGRAM,bigbss=BIGRAM,bigdata=BIGRAM -pbss=RAM \
  -pidata=CODE,irdata=CODE,ibigdata=CODE,ifardata=CODE -prparam=COMRAM \
  C:\Users\Keng\AppData\Local\Temp\se28.obj \
  dist/default/production\servo123.X.production.obj 

Object code version is 3.11

Machine type is 18F4520

Call graph: (short form)




                Name                               Link     Load   Length Selector   Space Scale
C:\Users\Keng\AppData\Local\Temp\se28.obj
                init                                  E        E        4        4       0
                reset_vec                             0        0        4        0       0
                idloc                            200000   200000        8   200000       0
                config                           300000   300000        E   300000       0
dist/default/production\servo123.X.production.obj
                intcode                               8        8        6        4       0
                temp                                 52       52        1        1       1
                mediumconst                        758A     758A      A76     3AC5       0
                intcode_body                        E7E      E7E       EE        4       0
                text38                             1886     1886       10        4       0
                text37                             1860     1860       16        4       0
                text36                             13F6     13F6       58        4       0
                text35                             17D0     17D0       24        4       0
                text34                             17AC     17AC       24        4       0
                text33                             15B2     15B2       3A        4       0
                text32                             184A     184A       16        4       0
                text31                             1834     1834       16        4       0
                text30                             1658     1658       36        4       0
                text29                             1622     1622       36        4       0
                text28                              C5A      C5A      128        4       0
                text27                              8B4      8B4      3A6        4       0
                text26                             15EC     15EC       36        4       0
                text25                             1574     1574       3E        4       0
                text24                             12A0     12A0       82        4       0
                text23                             121C     121C       84        4       0
                text22                             10F0     10F0       A0        4       0
                text21                             1322     1322       72        4       0
                text20                             1030     1030       C0        4       0
                text19                             16EC     16EC       2C        4       0
                text18                             144E     144E       52        4       0
                text17                             1532     1532       42        4       0
                text16                             173E     173E       26        4       0
                text15                             1816     1816       1E        4       0
                text14                               12       12      8A2        4       0
                text13                             14A0     14A0       4A        4       0
                text12                              D82      D82       FC        4       0
                text11                             1718     1718       26        4       0
                text10                             1190     1190       8C        4       0
                text9                              168E     168E       32        4       0
                text8                               F6C      F6C       C4        4       0
                text7                              1896     1896        E        4       0
                text6                              17F4     17F4       22        4       0
                text5                              1788     1788       24        4       0
                text4                              1764     1764       24        4       0
                text3                              16C0     16C0       2C        4       0
                text2                              18AC     18AC        8        4       0
                text1                              1876     1876       10        4       0
                text0                              1394     1394       62        4       0
                cstackCOMRAM                          1        1       48        1       1
                cstackBANK0                          80       80       78       80       1
                cstackBANK1                         100      100       DD      100       1
                bssBANK3                            300      300       65      300       1
                bssBANK2                            200      200       C9      200       1
                dataCOMRAM                           49       49        8        1       1
                bssCOMRAM                            51       51        1        1       1
                cinit                              14EA     14EA       48        4       0
                idataCOMRAM                        18A4     18A4        8        4       0

TOTAL           Name                               Link     Load   Length     Space
        CLASS   STACK          

        CLASS   CODE           
                intcode                               8        8        6         0
                init                                  E        E        4         0
                reset_vec                             0        0        4         0
                intcode_body                        E7E      E7E       EE         0
                text38                             1886     1886       10         0
                text37                             1860     1860       16         0
                text36                             13F6     13F6       58         0
                text35                             17D0     17D0       24         0
                text34                             17AC     17AC       24         0
                text33                             15B2     15B2       3A         0
                text32                             184A     184A       16         0
                text31                             1834     1834       16         0
                text30                             1658     1658       36         0
                text29                             1622     1622       36         0
                text28                              C5A      C5A      128         0
                text27                              8B4      8B4      3A6         0
                text26                             15EC     15EC       36         0
                text25                             1574     1574       3E         0
                text24                             12A0     12A0       82         0
                text23                             121C     121C       84         0
                text22                             10F0     10F0       A0         0
                text21                             1322     1322       72         0
                text20                             1030     1030       C0         0
                text19                             16EC     16EC       2C         0
                text18                             144E     144E       52         0
                text17                             1532     1532       42         0
                text16                             173E     173E       26         0
                text15                             1816     1816       1E         0
                text14                               12       12      8A2         0
                text13                             14A0     14A0       4A         0
                text12                              D82      D82       FC         0
                text11                             1718     1718       26         0
                text10                             1190     1190       8C         0
                text9                              168E     168E       32         0
                text8                               F6C      F6C       C4         0
                text7                              1896     1896        E         0
                text6                              17F4     17F4       22         0
                text5                              1788     1788       24         0
                text4                              1764     1764       24         0
                text3                              16C0     16C0       2C         0
                text2                              18AC     18AC        8         0
                text1                              1876     1876       10         0
                text0                              1394     1394       62         0
                cinit                              14EA     14EA       48         0
                idataCOMRAM                        18A4     18A4        8         0

        CLASS   CONST          

        CLASS   SMALLCONST     

        CLASS   MEDIUMCONST    
                mediumconst                        758A     758A      A76         0

        CLASS   COMRAM         
                temp                                 52       52        1         1
                cstackCOMRAM                          1        1       48         1
                dataCOMRAM                           49       49        8         1
                bssCOMRAM                            51       51        1         1

        CLASS   ABS1           

        CLASS   BIGRAM         

        CLASS   RAM            

        CLASS   BANK0          
                cstackBANK0                          80       80       78         1

        CLASS   BANK1          
                cstackBANK1                         100      100       DD         1

        CLASS   BANK2          
                bssBANK2                            200      200       C9         1

        CLASS   BANK3          
                bssBANK3                            300      300       65         1

        CLASS   BANK4          

        CLASS   BANK5          

        CLASS   SFR            

        CLASS   FARRAM         

        CLASS   CONFIG         
                config                           300000   300000        E         0

        CLASS   IDLOC          
                idloc                            200000   200000        8         0

        CLASS   EEDATA         



SEGMENTS        Name                           Load    Length   Top    Selector   Space  Class

                reset_vec                      000000  000004  000004         0       0  CODE    
                cstackCOMRAM                   000001  000052  000053         1       1  COMRAM  
                intcode                        000008  0018AC  0018B4         4       0  CODE    
                cstackBANK0                    000080  000078  0000F8        80       1  BANK0   
                cstackBANK1                    000100  0000DD  0001DD       100       1  BANK1   
                bssBANK2                       000200  0000C9  0002C9       200       1  BANK2   
                bssBANK3                       000300  000065  000365       300       1  BANK3   
                mediumconst                    00758A  000A76  008000      3AC5       0  MEDIUMCO
                idloc                          200000  000008  200008    200000       0  IDLOC   
                config                         300000  00000E  30000E    300000       0  CONFIG  


UNUSED ADDRESS RANGES

        Name                Unused          Largest block    Delta
        BANK0            0000F8-0000FF                8
        BANK1            0001DD-0001FF               23
        BANK2            0002C9-0002FF               37
        BANK3            000365-0003FF               9B
        BANK4            000400-0004FF              100
        BANK5            000500-0005FF              100
        BIGRAM           000053-00007F               2D
                         0000F8-0000FF                8
                         0001DD-0001FF               23
                         0002C9-0002FF               37
                         000365-0005FF              29B
        CODE             000004-000007                4
                         0018B4-007589             5CD6
        COMRAM           000053-00007F               2D
        CONST            000004-000007                4
                         0018B4-007589             5CD6
        EEDATA           F00000-F000FF              100
        MEDIUMCONST      0018B4-007589             5CD6
        RAM              0000F8-0000FF                8
                         0001DD-0001FF               23
                         0002C9-0002FF               37
                         000365-0005FF              100
        SFR              000F80-000FFF               80
        SMALLCONST       0018B4-007589              100
        STACK            000365-0005FF              29B

                                  Symbol Table

?_ESP8266_ReceiveString           cstackCOMRAM 000025
?___lwdiv                         cstackCOMRAM 000012
?___lwmod                         cstackCOMRAM 000019
?___wmul                          cstackCOMRAM 000012
?_sprintf                         cstackCOMRAM 00001E
?_strchr                          cstackCOMRAM 000012
?_strlen                          cstackCOMRAM 000012
?_strncmp                         cstackCOMRAM 000018
?_strstr                          cstackCOMRAM 000021
ADtoPWM@AD                        cstackCOMRAM 000024
ADtoPWM@u0                        cstackCOMRAM 00002A
ADtoPWM@u1                        cstackCOMRAM 00002C
ADtoPWM@u2                        cstackCOMRAM 00002E
ADtoPWM@u3                        cstackCOMRAM 000030
ADtoPWM@u4                        cstackCOMRAM 000032
ADtoPWM@w0                        cstackCOMRAM 000034
ADtoPWM@w1                        cstackCOMRAM 000036
ADtoPWM@w2                        cstackCOMRAM 000038
ADtoPWM@w3                        cstackCOMRAM 00003A
ADtoPWM@w4                        cstackCOMRAM 00003C
Delay10KTCYx@unit                 cstackCOMRAM 000013
Delay10TCYx@unit                  cstackCOMRAM 000012
ESP8266_Cmd@cmd                   cstackCOMRAM 000025
ESP8266_Cmd@reply1                cstackCOMRAM 000027
ESP8266_Cmd@reply2                cstackCOMRAM 000029
ESP8266_Cmd@waittime              cstackCOMRAM 00002B
ESP8266_JoinAP@cCmd               cstackBANK0  000080
ESP8266_JoinAP@pPassWord          cstackCOMRAM 000043
ESP8266_JoinAP@pSSID              cstackCOMRAM 000041
ESP8266_Link_Server@ComNum        cstackCOMRAM 000043
ESP8266_Link_Server@F4038         bssBANK2     000200
ESP8266_Link_Server@cCmd          cstackBANK1  000100
ESP8266_Link_Server@cStr          cstackBANK1  000178
ESP8266_Link_Server@enumE         cstackBANK1  0001DC
ESP8266_Link_Server@id            cstackCOMRAM 000045
ESP8266_Link_Server@ip            cstackCOMRAM 000041
ESP8266_Net_Mode_Choose@MODE      cstackCOMRAM 00002E
ESP8266_ReceiveString@pRecStr     cstackCOMRAM 000028
ESP8266_Uart@cmd                  cstackCOMRAM 000012
ESP8266_Uart@index                cstackCOMRAM 000016
IIC_Send_Byte@t                   cstackCOMRAM 000017
IIC_Send_Byte@txd                 cstackCOMRAM 000016
IIC_Wait_Ack@ucErrTime            cstackCOMRAM 000015
LCD_CreateFont@F3805              dataCOMRAM   000049
PCA9685_writeOneByte@addr         cstackCOMRAM 000019
PCA9685_writeOneByte@data         cstackCOMRAM 000018
PWMt0PCA@finger                   cstackCOMRAM 000023
PWMt0PCA@low                      cstackCOMRAM 000021
PWMt0PCA@up                       cstackCOMRAM 00001F
_ADtoPWM                          text27       0008B4
_BAUDCONbits                      (abs)        000FB8
_Delay10KTCYx                     text32       00184A
_Delay10TCYx                      text38       001886
_ESP8266_AT_Test                  text19       0016EC
_ESP8266_Cmd                      text20       001030
_ESP8266_Cmd$1162                 cstackCOMRAM 00002D
_ESP8266_JoinAP                   text13       0014A0
_ESP8266_Link_Server              text12       000D82
_ESP8266_Net_Mode_Choose          text10       001190
_ESP8266_ReceiveString            text22       0010F0
_ESP8266_Rst                      text11       001718
_ESP8266_Uart                     text21       001322
_ESP8266_client                   text8        000F6C
_GPIO_initial                     text7        001896
_IIC_Init                         text6        0017F4
_IIC_Send_Byte                    text36       0013F6
_IIC_Start                        text35       0017D0
_IIC_Stop                         text34       0017AC
_IIC_Wait_Ack                     text33       0015B2
_INTCONbits                       (abs)        000FF2
_LATAbits                         (abs)        000F89
_LATD                             (abs)        000F8C
_OSCCONbits                       (abs)        000FD3
_PCA9685_init                     text5        001788
_PCA9685_writeOneByte             text30       001658
_PIE1bits                         (abs)        000F9D
_PIR1bits                         (abs)        000F9E
_PORTBbits                        (abs)        000F81
_PORTD                            (abs)        000F83
_PORTDbits                        (abs)        000F83
_PR2                              (abs)        000FCB
_PWMt0PCA                         text28       000C5A
_RCONbits                         (abs)        000FD0
_RCREG                            (abs)        000FAE
_RCSTAbits                        (abs)        000FAB
_SPBRG                            (abs)        000FAF
_SPBRGH                           (abs)        000FB0
_STA_MODE                         text9        00168E
_T0CONbits                        (abs)        000FD5
_T2CONbits                        (abs)        000FCA
_TRISAbits                        (abs)        000F92
_TRISBbits                        (abs)        000F93
_TRISD                            (abs)        000F95
_TRMT                             (abs)        007D61
_TXIF                             (abs)        007CF4
_TXREG                            (abs)        000FAD
_TXSTAbits                        (abs)        000FAC
__CFG_BOREN$SBORDIS               (abs)        000000
__CFG_BORV$3                      (abs)        000000
__CFG_CCP2MX$PORTBE               (abs)        000000
__CFG_CP0$OFF                     (abs)        000000
__CFG_CP1$OFF                     (abs)        000000
__CFG_CP2$OFF                     (abs)        000000
__CFG_CP3$OFF                     (abs)        000000
__CFG_CPB$OFF                     (abs)        000000
__CFG_CPD$OFF                     (abs)        000000
__CFG_EBTR0$OFF                   (abs)        000000
__CFG_EBTR1$OFF                   (abs)        000000
__CFG_EBTR2$OFF                   (abs)        000000
__CFG_EBTR3$OFF                   (abs)        000000
__CFG_EBTRB$OFF                   (abs)        000000
__CFG_FCMEN$OFF                   (abs)        000000
__CFG_IESO$OFF                    (abs)        000000
__CFG_LPT1OSC$OFF                 (abs)        000000
__CFG_LVP$OFF                     (abs)        000000
__CFG_MCLRE$ON                    (abs)        000000
__CFG_OSC$HSPLL                   (abs)        000000
__CFG_PBADEN$OFF                  (abs)        000000
__CFG_PWRT$OFF                    (abs)        000000
__CFG_STVREN$ON                   (abs)        000000
__CFG_WDT$OFF                     (abs)        000000
__CFG_WDTPS$32768                 (abs)        000000
__CFG_WRT0$OFF                    (abs)        000000
__CFG_WRT1$OFF                    (abs)        000000
__CFG_WRT2$OFF                    (abs)        000000
__CFG_WRT3$OFF                    (abs)        000000
__CFG_WRTB$OFF                    (abs)        000000
__CFG_WRTC$OFF                    (abs)        000000
__CFG_WRTD$OFF                    (abs)        000000
__CFG_XINST$OFF                   (abs)        000000
__HRAM                            (abs)        000000
__Habs1                           abs1         000000
__Hbank0                          bank0        000000
__Hbank1                          bank1        000000
__Hbank2                          bank2        000000
__Hbank3                          bank3        000000
__Hbank4                          bank4        000000
__Hbank5                          bank5        000000
__Hbigbss                         bigbss       000000
__Hbigdata                        bigdata      000000
__Hbigram                         bigram       000000
__Hbss                            bss          000000
__HbssBANK2                       bssBANK2     000000
__HbssBANK3                       bssBANK3     000000
__HbssCOMRAM                      bssCOMRAM    000000
__Hcinit                          cinit        000000
__Hclrtext                        clrtext      000000
__Hcomram                         comram       000000
__Hconfig                         config       30000E
__Hconst                          const        000000
__HcstackBANK0                    cstackBANK0  000000
__HcstackBANK1                    cstackBANK1  000000
__HcstackCOMRAM                   cstackCOMRAM 000000
__Hdata                           data         000000
__HdataCOMRAM                     dataCOMRAM   000000
__Heeprom_data                    eeprom_data  000000
__Hfarbss                         farbss       000000
__Hfardata                        fardata      000000
__Hibigdata                       ibigdata     000000
__Hidata                          idata        000000
__HidataCOMRAM                    idataCOMRAM  000000
__Hidloc                          idloc        200008
__Hifardata                       ifardata     000000
__Hinit                           init         000012
__Hintcode                        intcode      00000E
__Hintcode_body                   intcode_body 000000
__Hintcodelo                      intcodelo    00000E
__Hintentry                       intentry     000000
__Hintret                         intret       000000
__Hintsave_regs                   intsave_regs 000000
__Hirdata                         irdata       000000
__Hmediumconst                    mediumconst  008000
__HnvFARRAM                       nvFARRAM     000000
__Hnvbit                          nvbit        000000
__Hnvrram                         nvrram       000000
__Hparam                          rparam       000000
__Hpowerup                        powerup      00000E
__Hram                            ram          000000
__Hramtop                         ramtop       000600
__Hrbit                           rbit         000000
__Hrbss                           rbss         000000
__Hrdata                          rdata        000000
__Hreset_vec                      reset_vec    000004
__Hrparam                         rparam       000000
__Hsfr                            sfr          000000
__Hsmallconst                     smallconst   000000
__Hspace_0                        (abs)        30000E
__Hspace_1                        (abs)        000365
__Hspace_2                        (abs)        000000
__Hstack                          stack        000000
__Hstruct                         struct       000000
__Htemp                           temp         000053
__Htext                           text         000000
__Htext0                          text0        000000
__Htext1                          text1        000000
__Htext10                         text10       000000
__Htext11                         text11       000000
__Htext12                         text12       000000
__Htext13                         text13       000000
__Htext14                         text14       000000
__Htext15                         text15       000000
__Htext16                         text16       000000
__Htext17                         text17       000000
__Htext18                         text18       000000
__Htext19                         text19       000000
__Htext2                          text2        000000
__Htext20                         text20       000000
__Htext21                         text21       000000
__Htext22                         text22       000000
__Htext23                         text23       000000
__Htext24                         text24       000000
__Htext25                         text25       000000
__Htext26                         text26       000000
__Htext27                         text27       000000
__Htext28                         text28       000000
__Htext29                         text29       000000
__Htext3                          text3        000000
__Htext30                         text30       000000
__Htext31                         text31       000000
__Htext32                         text32       000000
__Htext33                         text33       000000
__Htext34                         text34       000000
__Htext35                         text35       000000
__Htext36                         text36       000000
__Htext37                         text37       000000
__Htext38                         text38       000000
__Htext4                          text4        000000
__Htext5                          text5        000000
__Htext6                          text6        000000
__Htext7                          text7        000000
__Htext8                          text8        000000
__Htext9                          text9        000000
__LRAM                            (abs)        000001
__Labs1                           abs1         000000
__Lbank0                          bank0        000000
__Lbank1                          bank1        000000
__Lbank2                          bank2        000000
__Lbank3                          bank3        000000
__Lbank4                          bank4        000000
__Lbank5                          bank5        000000
__Lbigbss                         bigbss       000000
__Lbigdata                        bigdata      000000
__Lbigram                         bigram       000000
__Lbss                            bss          000000
__LbssBANK2                       bssBANK2     000000
__LbssBANK3                       bssBANK3     000000
__LbssCOMRAM                      bssCOMRAM    000000
__Lcinit                          cinit        000000
__Lclrtext                        clrtext      000000
__Lcomram                         comram       000000
__Lconfig                         config       300000
__Lconst                          const        000000
__LcstackBANK0                    cstackBANK0  000000
__LcstackBANK1                    cstackBANK1  000000
__LcstackCOMRAM                   cstackCOMRAM 000000
__Ldata                           data         000000
__LdataCOMRAM                     dataCOMRAM   000000
__Leeprom_data                    eeprom_data  000000
__Lfarbss                         farbss       000000
__Lfardata                        fardata      000000
__Libigdata                       ibigdata     000000
__Lidata                          idata        000000
__LidataCOMRAM                    idataCOMRAM  000000
__Lidloc                          idloc        200000
__Lifardata                       ifardata     000000
__Linit                           init         00000E
__Lintcode                        intcode      000008
__Lintcode_body                   intcode_body 000000
__Lintcodelo                      intcodelo    00000E
__Lintentry                       intentry     000000
__Lintret                         intret       000000
__Lintsave_regs                   intsave_regs 000000
__Lirdata                         irdata       000000
__Lmediumconst                    mediumconst  00758A
__LnvFARRAM                       nvFARRAM     000000
__Lnvbit                          nvbit        000000
__Lnvrram                         nvrram       000000
__Lparam                          rparam       000000
__Lpowerup                        powerup      00000E
__Lram                            ram          000000
__Lramtop                         ramtop       000600
__Lrbit                           rbit         000000
__Lrbss                           rbss         000000
__Lrdata                          rdata        000000
__Lreset_vec                      reset_vec    000000
__Lrparam                         rparam       000000
__Lsfr                            sfr          000000
__Lsmallconst                     smallconst   000000
__Lspace_0                        (abs)        000000
__Lspace_1                        (abs)        000000
__Lspace_2                        (abs)        000000
__Lstack                          stack        000000
__Lstruct                         struct       000000
__Ltemp                           temp         000052
__Ltext                           text         000000
__Ltext0                          text0        000000
__Ltext1                          text1        000000
__Ltext10                         text10       000000
__Ltext11                         text11       000000
__Ltext12                         text12       000000
__Ltext13                         text13       000000
__Ltext14                         text14       000000
__Ltext15                         text15       000000
__Ltext16                         text16       000000
__Ltext17                         text17       000000
__Ltext18                         text18       000000
__Ltext19                         text19       000000
__Ltext2                          text2        000000
__Ltext20                         text20       000000
__Ltext21                         text21       000000
__Ltext22                         text22       000000
__Ltext23                         text23       000000
__Ltext24                         text24       000000
__Ltext25                         text25       000000
__Ltext26                         text26       000000
__Ltext27                         text27       000000
__Ltext28                         text28       000000
__Ltext29                         text29       000000
__Ltext3                          text3        000000
__Ltext30                         text30       000000
__Ltext31                         text31       000000
__Ltext32                         text32       000000
__Ltext33                         text33       000000
__Ltext34                         text34       000000
__Ltext35                         text35       000000
__Ltext36                         text36       000000
__Ltext37                         text37       000000
__Ltext38                         text38       000000
__Ltext4                          text4        000000
__Ltext5                          text5        000000
__Ltext6                          text6        000000
__Ltext7                          text7        000000
__Ltext8                          text8        000000
__Ltext9                          text9        000000
__S0                              (abs)        30000E
__S1                              (abs)        000365
__S2                              (abs)        000000
___inthi_sp                       stack        000000
___intlo_sp                       stack        000000
___lwdiv                          text18       00144E
___lwdiv@counter                  cstackCOMRAM 000018
___lwdiv@dividend                 cstackCOMRAM 000012
___lwdiv@divisor                  cstackCOMRAM 000014
___lwdiv@quotient                 cstackCOMRAM 000016
___lwmod                          text17       001532
___lwmod@counter                  cstackCOMRAM 00001D
___lwmod@dividend                 cstackCOMRAM 000019
___lwmod@divisor                  cstackCOMRAM 00001B
___param_bank                     (abs)        000000
___rparam_used                    (abs)        000001
___sp                             stack        000000
___wmul                           text16       00173E
___wmul@multiplicand              cstackCOMRAM 000014
___wmul@multiplier                cstackCOMRAM 000012
___wmul@product                   cstackCOMRAM 000016
__accesstop                       (abs)        000080
__activetblptr                    (abs)        000002
__end_of_ADtoPWM                  text27       000C5A
__end_of_Delay10KTCYx             text32       001860
__end_of_Delay10TCYx              text38       001896
__end_of_ESP8266_AT_Test          text19       001718
__end_of_ESP8266_Cmd              text20       0010F0
__end_of_ESP8266_JoinAP           text13       0014EA
__end_of_ESP8266_Link_Server      text12       000E7E
__end_of_ESP8266_Net_Mode_Choose  text10       00121C
__end_of_ESP8266_ReceiveString    text22       001190
__end_of_ESP8266_Rst              text11       00173E
__end_of_ESP8266_Uart             text21       001394
__end_of_ESP8266_client           text8        001030
__end_of_GPIO_initial             text7        0018A4
__end_of_IIC_Init                 text6        001816
__end_of_IIC_Send_Byte            text36       00144E
__end_of_IIC_Start                text35       0017F4
__end_of_IIC_Stop                 text34       0017D0
__end_of_IIC_Wait_Ack             text33       0015EC
__end_of_PCA9685_init             text5        0017AC
__end_of_PCA9685_writeOneByte     text30       00168E
__end_of_PWMt0PCA                 text28       000D82
__end_of_STA_MODE                 text9        0016C0
__end_of___lwdiv                  text18       0014A0
__end_of___lwmod                  text17       001574
__end_of___wmul                   text16       001764
__end_of__initialization          cinit        001524
__end_of_delay_ms                 text31       00184A
__end_of_delay_us                 text37       001876
__end_of_dpowers                  mediumconst  007E1F
__end_of_finger_under_0           mediumconst  007E09
__end_of_finger_under_1           mediumconst  007C5D
__end_of_finger_under_2           mediumconst  007B9D
__end_of_finger_under_3           mediumconst  007CFB
__end_of_finger_under_4           mediumconst  0079CF
__end_of_finger_up_0              mediumconst  007D99
__end_of_finger_up_1              mediumconst  007ABB
__end_of_finger_up_2              mediumconst  0078DF
__end_of_finger_up_3              mediumconst  0077DD
__end_of_finger_up_4              mediumconst  0076B9
__end_of_hexpowers                mediumconst  007E27
__end_of_initial_UART             text4        001788
__end_of_isdigit                  text15       001834
__end_of_main                     text0        0013F6
__end_of_memset                   text3        0016EC
__end_of_oclillator_initial       text2        0018B4
__end_of_octpowers                mediumconst  007E15
__end_of_sprintf                  text14       0008B4
__end_of_strchr                   text26       001622
__end_of_strlen                   text25       0015B2
__end_of_strncmp                  text24       001322
__end_of_strstr                   text23       0012A0
__end_of_timer_intrrupt_initinal  text1        001886
__end_of_transmit_finger          text29       001658
__end_of_uart                     intcode_body 000F6C
__initialization                  cinit        0014EA
__mediumconst                     mediumconst  00758A
__pbssBANK2                       bssBANK2     000200
__pbssBANK3                       bssBANK3     000300
__pbssCOMRAM                      bssCOMRAM    000051
__pcinit                          cinit        0014EA
__pcstackBANK0                    cstackBANK0  000080
__pcstackBANK1                    cstackBANK1  000100
__pcstackCOMRAM                   cstackCOMRAM 000001
__pdataCOMRAM                     dataCOMRAM   000049
__pidataCOMRAM                    idataCOMRAM  0018A4
__pintcode                        intcode      000008
__pintcode_body                   intcode_body 000E7E
__pmediumconst                    mediumconst  00758A
__ptext0                          text0        001394
__ptext1                          text1        001876
__ptext10                         text10       001190
__ptext11                         text11       001718
__ptext12                         text12       000D82
__ptext13                         text13       0014A0
__ptext14                         text14       000012
__ptext15                         text15       001816
__ptext16                         text16       00173E
__ptext17                         text17       001532
__ptext18                         text18       00144E
__ptext19                         text19       0016EC
__ptext2                          text2        0018AC
__ptext20                         text20       001030
__ptext21                         text21       001322
__ptext22                         text22       0010F0
__ptext23                         text23       00121C
__ptext24                         text24       0012A0
__ptext25                         text25       001574
__ptext26                         text26       0015EC
__ptext27                         text27       0008B4
__ptext28                         text28       000C5A
__ptext29                         text29       001622
__ptext3                          text3        0016C0
__ptext30                         text30       001658
__ptext31                         text31       001834
__ptext32                         text32       00184A
__ptext33                         text33       0015B2
__ptext34                         text34       0017AC
__ptext35                         text35       0017D0
__ptext36                         text36       0013F6
__ptext37                         text37       001860
__ptext38                         text38       001886
__ptext4                          text4        001764
__ptext5                          text5        001788
__ptext6                          text6        0017F4
__ptext7                          text7        001896
__ptext8                          text8        000F6C
__ptext9                          text9        00168E
__ramtop                          ramtop       000600
__size_of_ADtoPWM                 (abs)        000000
__size_of_Delay10KTCYx            (abs)        000000
__size_of_Delay10TCYx             (abs)        000000
__size_of_ESP8266_AT_Test         (abs)        000000
__size_of_ESP8266_Cmd             (abs)        000000
__size_of_ESP8266_JoinAP          (abs)        000000
__size_of_ESP8266_Link_Server     (abs)        000000
__size_of_ESP8266_Net_Mode_Choose (abs)        000000
__size_of_ESP8266_ReceiveString   (abs)        000000
__size_of_ESP8266_Rst             (abs)        000000
__size_of_ESP8266_Uart            (abs)        000000
__size_of_ESP8266_client          (abs)        000000
__size_of_GPIO_initial            (abs)        000000
__size_of_IIC_Init                (abs)        000000
__size_of_IIC_Send_Byte           (abs)        000000
__size_of_IIC_Start               (abs)        000000
__size_of_IIC_Stop                (abs)        000000
__size_of_IIC_Wait_Ack            (abs)        000000
__size_of_PCA9685_init            (abs)        000000
__size_of_PCA9685_writeOneByte    (abs)        000000
__size_of_PWMt0PCA                (abs)        000000
__size_of_STA_MODE                (abs)        000000
__size_of___lwdiv                 (abs)        000000
__size_of___lwmod                 (abs)        000000
__size_of___wmul                  (abs)        000000
__size_of_delay_ms                (abs)        000000
__size_of_delay_us                (abs)        000000
__size_of_initial_UART            (abs)        000000
__size_of_isdigit                 (abs)        000000
__size_of_main                    (abs)        000000
__size_of_memset                  (abs)        000000
__size_of_oclillator_initial      (abs)        000000
__size_of_sprintf                 (abs)        000000
__size_of_strchr                  (abs)        000000
__size_of_strlen                  (abs)        000000
__size_of_strncmp                 (abs)        000000
__size_of_strstr                  (abs)        000000
__size_of_timer_intrrupt_initinal (abs)        000000
__size_of_transmit_finger         (abs)        000000
__size_of_uart                    (abs)        000000
__smallconst                      smallconst   000000
_delay_ms                         text31       001834
_delay_us                         text37       001860
_determine_servo_done             bssCOMRAM    000051
_dpowers                          mediumconst  007E15
_finger_under_0                   mediumconst  007D99
_finger_under_1                   mediumconst  007B9D
_finger_under_2                   mediumconst  007ABB
_finger_under_3                   mediumconst  007C5D
_finger_under_4                   mediumconst  0078DF
_finger_up_0                      mediumconst  007CFB
_finger_up_1                      mediumconst  0079CF
_finger_up_2                      mediumconst  0077DD
_finger_up_3                      mediumconst  0076B9
_finger_up_4                      mediumconst  00758B
_hexpowers                        mediumconst  007E1F
_initial_UART                     text4        001764
_isdigit                          text15       001816
_isdigit$1608                     cstackCOMRAM 000013
_main                             text0        001394
_memset                           text3        0016C0
_oclillator_initial               text2        0018AC
_octpowers                        mediumconst  007E09
_sprintf                          text14       000012
_sprintf$1371                     cstackCOMRAM 00002C
_sprintf$1372                     cstackCOMRAM 00002E
_sprintf$1378                     cstackCOMRAM 000030
_strEsp8266_Fram_Record           bssBANK2     000264
_strPc_Fram_Record                bssBANK3     000300
_strchr                           text26       0015EC
_strlen                           text25       001574
_strncmp                          text24       0012A0
_strstr                           text23       00121C
_timer_intrrupt_initinal          text1        001876
_transmit_finger                  text29       001622
_uart                             intcode      000008
btemp                             temp         000052
delay_ms@ms                       cstackCOMRAM 000014
delay_us@us                       cstackCOMRAM 000013
end_of_initialization             cinit        001524
int$flags                         temp         000052
int_func                          intcode_body 000E7E
intlevel0                         text         000000
intlevel1                         text         000000
intlevel2                         text         000000
intlevel3                         text         000000
isdigit@c                         cstackCOMRAM 000014
main@temp                         cstackCOMRAM 000047
memset@c                          cstackCOMRAM 000014
memset@n                          cstackCOMRAM 000016
memset@p                          cstackCOMRAM 000018
memset@p1                         cstackCOMRAM 000012
sprintf@ap                        cstackCOMRAM 000037
sprintf@c                         cstackCOMRAM 00003E
sprintf@cp                        cstackCOMRAM 000033
sprintf@f                         cstackCOMRAM 000020
sprintf@flag                      cstackCOMRAM 00003F
sprintf@idx                       cstackCOMRAM 000032
sprintf@len                       cstackCOMRAM 000035
sprintf@prec                      cstackCOMRAM 00003B
sprintf@sp                        cstackCOMRAM 00001E
sprintf@val                       cstackCOMRAM 000039
sprintf@width                     cstackCOMRAM 00003C
stackhi                           (abs)        0005FF
stacklo                           (abs)        000365
start                             init         00000E
start_initialization              cinit        0014EA
strchr@chr                        cstackCOMRAM 000014
strchr@ptr                        cstackCOMRAM 000012
strlen@cp                         cstackCOMRAM 000016
strlen@s                          cstackCOMRAM 000012
strncmp@len                       cstackCOMRAM 00001C
strncmp@s1                        cstackCOMRAM 000018
strncmp@s2                        cstackCOMRAM 00001A
strstr@s1                         cstackCOMRAM 000021
strstr@s2                         cstackCOMRAM 000023
transmit_finger@HL_Value          cstackCOMRAM 00001A
transmit_finger@Hbyte             cstackCOMRAM 00001D
transmit_finger@Lbyte             cstackCOMRAM 00001E
transmit_finger@finger            cstackCOMRAM 00001C
uart@ch                           cstackCOMRAM 000011


FUNCTION INFORMATION:

 *************** function _main *****************
 Defined at:
		line 131 in file "main.c"
 Parameters:    Size  Location     Type
		None
 Auto vars:     Size  Location     Type
  temp            2   70[COMRAM] PTR unsigned char 
		 -> strEsp8266_Fram_Record.Data_RX_BUF(100), NULL(0), strEsp8266_Fram_Record(101), 
 Return value:  Size  Location     Type
                  1    wreg      void 
 Registers used:
		wreg, fsr0l, fsr0h, fsr1l, fsr1h, fsr2l, fsr2h, status,2, status,0, tblptrl, tblptrh, tblptru, prodl, prodh, cstack
 Tracked objects:
		On entry : 
		On exit  : 
		Unchanged: 
 Data sizes:     COMRAM   BANK0   BANK1   BANK2   BANK3   BANK4   BANK5
      Params:         0       0       0       0       0       0       0
      Locals:         2       0       0       0       0       0       0
      Temps:          0       0       0       0       0       0       0
      Totals:         2       0       0       0       0       0       0
Total ram usage:        2 bytes
 Hardware stack levels required when called:    9
 This function calls:
		_ADtoPWM
		_ESP8266_ReceiveString
		_ESP8266_client
		_GPIO_initial
		_PCA9685_init
		_initial_UART
		_memset
		_oclillator_initial
		_timer_intrrupt_initinal
 This function is called by:
		Startup code after reset
 This function uses a non-reentrant model


 *************** function _timer_intrrupt_initinal *****************
 Defined at:
		line 36 in file "harwave/initial.c"
 Parameters:    Size  Location     Type
		None
 Auto vars:     Size  Location     Type
		None
 Return value:  Size  Location     Type
                  1    wreg      void 
 Registers used:
		None
 Tracked objects:
		On entry : 
		On exit  : 
		Unchanged: 
 Data sizes:     COMRAM   BANK0   BANK1   BANK2   BANK3   BANK4   BANK5
      Params:         0       0       0       0       0       0       0
      Locals:         0       0       0       0       0       0       0
      Temps:          0       0       0       0       0       0       0
      Totals:         0       0       0       0       0       0       0
Total ram usage:        0 bytes
 Hardware stack levels used:    1
 Hardware stack levels required when called:    1
 This function calls:
		Nothing
 This function is called by:
		_main
 This function uses a non-reentrant model


 *************** function _oclillator_initial *****************
 Defined at:
		line 13 in file "harwave/initial.c"
 Parameters:    Size  Location     Type
		None
 Auto vars:     Size  Location     Type
		None
 Return value:  Size  Location     Type
                  1    wreg      void 
 Registers used:
		None
 Tracked objects:
		On entry : 
		On exit  : 
		Unchanged: 
 Data sizes:     COMRAM   BANK0   BANK1   BANK2   BANK3   BANK4   BANK5
      Params:         0       0       0       0       0       0       0
      Locals:         0       0       0       0       0       0       0
      Temps:          0       0       0       0       0       0       0
      Totals:         0       0       0       0       0       0       0
Total ram usage:        0 bytes
 Hardware stack levels used:    1
 Hardware stack levels required when called:    1
 This function calls:
		Nothing
 This function is called by:
		_main
 This function uses a non-reentrant model


 *************** function _memset *****************
 Defined at:
		line 8 in file "C:\Program Files (x86)\Microchip\xc8\v1.41\sources\common\memset.c"
 Parameters:    Size  Location     Type
  p1              2   17[COMRAM] PTR void 
		 -> strEsp8266_Fram_Record(101), 
  c               2   19[COMRAM] int 
  n               2   21[COMRAM] unsigned int 
 Auto vars:     Size  Location     Type
  p               2   23[COMRAM] PTR unsigned char 
		 -> strEsp8266_Fram_Record(101), 
 Return value:  Size  Location     Type
                  2   17[COMRAM] PTR void 
 Registers used:
		wreg, fsr2l, fsr2h, status,2, status,0
 Tracked objects:
		On entry : 
		On exit  : 
		Unchanged: 
 Data sizes:     COMRAM   BANK0   BANK1   BANK2   BANK3   BANK4   BANK5
      Params:         6       0       0       0       0       0       0
      Locals:         2       0       0       0       0       0       0
      Temps:          0       0       0       0       0       0       0
      Totals:         8       0       0       0       0       0       0
Total ram usage:        8 bytes
 Hardware stack levels used:    1
 Hardware stack levels required when called:    1
 This function calls:
		Nothing
 This function is called by:
		_main
 This function uses a non-reentrant model


 *************** function _initial_UART *****************
 Defined at:
		line 22 in file "harwave/UART.c"
 Parameters:    Size  Location     Type
		None
 Auto vars:     Size  Location     Type
		None
 Return value:  Size  Location     Type
                  1    wreg      void 
 Registers used:
		wreg, status,2
 Tracked objects:
		On entry : 
		On exit  : 
		Unchanged: 
 Data sizes:     COMRAM   BANK0   BANK1   BANK2   BANK3   BANK4   BANK5
      Params:         0       0       0       0       0       0       0
      Locals:         0       0       0       0       0       0       0
      Temps:          0       0       0       0       0       0       0
      Totals:         0       0       0       0       0       0       0
Total ram usage:        0 bytes
 Hardware stack levels used:    1
 Hardware stack levels required when called:    1
 This function calls:
		Nothing
 This function is called by:
		_main
 This function uses a non-reentrant model


 *************** function _PCA9685_init *****************
 Defined at:
		line 19 in file "harwave/initial.c"
 Parameters:    Size  Location     Type
		None
 Auto vars:     Size  Location     Type
		None
 Return value:  Size  Location     Type
                  1    wreg      void 
 Registers used:
		wreg, status,2, status,0, cstack
 Tracked objects:
		On entry : 
		On exit  : 
		Unchanged: 
 Data sizes:     COMRAM   BANK0   BANK1   BANK2   BANK3   BANK4   BANK5
      Params:         0       0       0       0       0       0       0
      Locals:         0       0       0       0       0       0       0
      Temps:          0       0       0       0       0       0       0
      Totals:         0       0       0       0       0       0       0
Total ram usage:        0 bytes
 Hardware stack levels used:    1
 Hardware stack levels required when called:    6
 This function calls:
		_IIC_Init
		_PCA9685_writeOneByte
 This function is called by:
		_main
 This function uses a non-reentrant model


 *************** function _IIC_Init *****************
 Defined at:
		line 5 in file "harwave/softIIC.c"
 Parameters:    Size  Location     Type
		None
 Auto vars:     Size  Location     Type
		None
 Return value:  Size  Location     Type
                  1    wreg      void 
 Registers used:
		wreg, status,2, status,0, cstack
 Tracked objects:
		On entry : 
		On exit  : 
		Unchanged: 
 Data sizes:     COMRAM   BANK0   BANK1   BANK2   BANK3   BANK4   BANK5
      Params:         0       0       0       0       0       0       0
      Locals:         0       0       0       0       0       0       0
      Temps:          0       0       0       0       0       0       0
      Totals:         0       0       0       0       0       0       0
Total ram usage:        0 bytes
 Hardware stack levels used:    1
 Hardware stack levels required when called:    3
 This function calls:
		_delay_us
 This function is called by:
		_PCA9685_init
 This function uses a non-reentrant model


 *************** function _GPIO_initial *****************
 Defined at:
		line 5 in file "harwave/initial.c"
 Parameters:    Size  Location     Type
		None
 Auto vars:     Size  Location     Type
		None
 Return value:  Size  Location     Type
                  1    wreg      void 
 Registers used:
		wreg, status,2
 Tracked objects:
		On entry : 
		On exit  : 
		Unchanged: 
 Data sizes:     COMRAM   BANK0   BANK1   BANK2   BANK3   BANK4   BANK5
      Params:         0       0       0       0       0       0       0
      Locals:         0       0       0       0       0       0       0
      Temps:          0       0       0       0       0       0       0
      Totals:         0       0       0       0       0       0       0
Total ram usage:        0 bytes
 Hardware stack levels used:    1
 Hardware stack levels required when called:    1
 This function calls:
		Nothing
 This function is called by:
		_main
 This function uses a non-reentrant model


 *************** function _ESP8266_client *****************
 Defined at:
		line 231 in file "harwave/UART.c"
 Parameters:    Size  Location     Type
		None
 Auto vars:     Size  Location     Type
		None
 Return value:  Size  Location     Type
                  1    wreg      void 
 Registers used:
		wreg, fsr0l, fsr0h, fsr1l, fsr1h, fsr2l, fsr2h, status,2, status,0, tblptrl, tblptrh, tblptru, prodl, prodh, cstack
 Tracked objects:
		On entry : 
		On exit  : 
		Unchanged: 
 Data sizes:     COMRAM   BANK0   BANK1   BANK2   BANK3   BANK4   BANK5
      Params:         0       0       0       0       0       0       0
      Locals:         0       0       0       0       0       0       0
      Temps:          0       0       0       0       0       0       0
      Totals:         0       0       0       0       0       0       0
Total ram usage:        0 bytes
 Hardware stack levels used:    1
 Hardware stack levels required when called:    6
 This function calls:
		_ESP8266_AT_Test
		_ESP8266_Cmd
		_ESP8266_JoinAP
		_ESP8266_Link_Server
		_ESP8266_Rst
		_STA_MODE
 This function is called by:
		_main
 This function uses a non-reentrant model


 *************** function _STA_MODE *****************
 Defined at:
		line 215 in file "harwave/UART.c"
 Parameters:    Size  Location     Type
		None
 Auto vars:     Size  Location     Type
		None
 Return value:  Size  Location     Type
                  1    wreg      void 
 Registers used:
		wreg, fsr0l, fsr0h, fsr2l, fsr2h, status,2, status,0, tblptrl, tblptrh, tblptru, cstack
 Tracked objects:
		On entry : 
		On exit  : 
		Unchanged: 
 Data sizes:     COMRAM   BANK0   BANK1   BANK2   BANK3   BANK4   BANK5
      Params:         0       0       0       0       0       0       0
      Locals:         0       0       0       0       0       0       0
      Temps:          0       0       0       0       0       0       0
      Totals:         0       0       0       0       0       0       0
Total ram usage:        0 bytes
 Hardware stack levels used:    1
 Hardware stack levels required when called:    5
 This function calls:
		_ESP8266_Cmd
		_ESP8266_Net_Mode_Choose
 This function is called by:
		_ESP8266_client
 This function uses a non-reentrant model


 *************** function _ESP8266_Net_Mode_Choose *****************
 Defined at:
		line 133 in file "harwave/UART.c"
 Parameters:    Size  Location     Type
  MODE            1    wreg     enum E3772
 Auto vars:     Size  Location     Type
  MODE            1   45[COMRAM] enum E3772
 Return value:  Size  Location     Type
                  1    wreg      unsigned char 
 Registers used:
		wreg, fsr0l, fsr0h, fsr2l, fsr2h, status,2, status,0, tblptrl, tblptrh, tblptru, cstack
 Tracked objects:
		On entry : 
		On exit  : 
		Unchanged: 
 Data sizes:     COMRAM   BANK0   BANK1   BANK2   BANK3   BANK4   BANK5
      Params:         0       0       0       0       0       0       0
      Locals:         1       0       0       0       0       0       0
      Temps:          0       0       0       0       0       0       0
      Totals:         1       0       0       0       0       0       0
Total ram usage:        1 bytes
 Hardware stack levels used:    1
 Hardware stack levels required when called:    4
 This function calls:
		_ESP8266_Cmd
 This function is called by:
		_STA_MODE
		_AP_MODE
 This function uses a non-reentrant model


 *************** function _ESP8266_Rst *****************
 Defined at:
		line 120 in file "harwave/UART.c"
 Parameters:    Size  Location     Type
		None
 Auto vars:     Size  Location     Type
		None
 Return value:  Size  Location     Type
                  1    wreg      void 
 Registers used:
		wreg, fsr0l, fsr0h, fsr2l, fsr2h, status,2, status,0, tblptrl, tblptrh, tblptru, cstack
 Tracked objects:
		On entry : 
		On exit  : 
		Unchanged: 
 Data sizes:     COMRAM   BANK0   BANK1   BANK2   BANK3   BANK4   BANK5
      Params:         0       0       0       0       0       0       0
      Locals:         0       0       0       0       0       0       0
      Temps:          0       0       0       0       0       0       0
      Totals:         0       0       0       0       0       0       0
Total ram usage:        0 bytes
 Hardware stack levels used:    1
 Hardware stack levels required when called:    4
 This function calls:
		_ESP8266_Cmd
 This function is called by:
		_ESP8266_client
		_ESP8266_Server
 This function uses a non-reentrant model


 *************** function _ESP8266_Link_Server *****************
 Defined at:
		line 170 in file "harwave/UART.c"
 Parameters:    Size  Location     Type
  enumE           1    wreg     enum E3769
  ip              2   64[COMRAM] PTR unsigned char 
		 -> STR_57(12), 
  ComNum          2   66[COMRAM] PTR unsigned char 
		 -> STR_58(5), 
  id              2   68[COMRAM] int 
 Auto vars:     Size  Location     Type
  enumE           1  220[BANK1 ] enum E3769
  cCmd          120    0[BANK1 ] unsigned char [120]
  cStr          100  120[BANK1 ] unsigned char [100]
 Return value:  Size  Location     Type
                  1    wreg      unsigned char 
 Registers used:
		wreg, fsr0l, fsr0h, fsr1l, fsr1h, fsr2l, fsr2h, status,2, status,0, tblptrl, tblptrh, tblptru, prodl, prodh, cstack
 Tracked objects:
		On entry : 
		On exit  : 
		Unchanged: 
 Data sizes:     COMRAM   BANK0   BANK1   BANK2   BANK3   BANK4   BANK5
      Params:         6       0       0       0       0       0       0
      Locals:         0       0     221       0       0       0       0
      Temps:          0       0       0       0       0       0       0
      Totals:         6       0     221       0       0       0       0
Total ram usage:      227 bytes
 Hardware stack levels used:    1
 Hardware stack levels required when called:    4
 This function calls:
		_ESP8266_Cmd
		_sprintf
 This function is called by:
		_ESP8266_client
 This function uses a non-reentrant model


 *************** function _ESP8266_JoinAP *****************
 Defined at:
		line 152 in file "harwave/UART.c"
 Parameters:    Size  Location     Type
  pSSID           2   64[COMRAM] PTR unsigned char 
		 -> STR_51(4), 
  pPassWord       2   66[COMRAM] PTR unsigned char 
		 -> STR_52(10), 
 Auto vars:     Size  Location     Type
  cCmd          120    0[BANK0 ] unsigned char [120]
 Return value:  Size  Location     Type
                  1    wreg      unsigned char 
 Registers used:
		wreg, fsr0l, fsr0h, fsr2l, fsr2h, status,2, status,0, tblptrl, tblptrh, tblptru, prodl, prodh, cstack
 Tracked objects:
		On entry : 
		On exit  : 
		Unchanged: 
 Data sizes:     COMRAM   BANK0   BANK1   BANK2   BANK3   BANK4   BANK5
      Params:         4       0       0       0       0       0       0
      Locals:         0     120       0       0       0       0       0
      Temps:          0       0       0       0       0       0       0
      Totals:         4     120       0       0       0       0       0
Total ram usage:      124 bytes
 Hardware stack levels used:    1
 Hardware stack levels required when called:    4
 This function calls:
		_ESP8266_Cmd
		_sprintf
 This function is called by:
		_ESP8266_client
 This function uses a non-reentrant model


 *************** function _sprintf *****************
 Defined at:
		line 492 in file "C:\Program Files (x86)\Microchip\xc8\v1.41\sources\common\doprnt.c"
 Parameters:    Size  Location     Type
  sp              2   29[COMRAM] PTR unsigned char 
		 -> ESP8266_Link_Server@cCmd(120), ESP8266_Link_Server@cStr(100), ESP8266_BuildAP@cCmd(120), ESP8266_JoinAP@cCmd(120), 
		 -> ESP8266_SendString@cStr(20), 
  f               2   31[COMRAM] PTR const unsigned char 
		 -> STR_25(17), STR_24(20), STR_22(13), STR_20(13), 
		 -> STR_18(26), STR_15(21), STR_1(19), 
 Auto vars:     Size  Location     Type
  idx             1   49[COMRAM] unsigned char 
  tmpval          4    0        struct .
  flag            2   62[COMRAM] unsigned short 
  width           2   59[COMRAM] int 
  val             2   56[COMRAM] unsigned int 
  ap              2   54[COMRAM] PTR void [1]
		 -> ?_sprintf(2), 
  len             2   52[COMRAM] unsigned int 
  cp              2   50[COMRAM] PTR const unsigned char 
		 -> STR_62(7), sprintf@c(1), STR_58(5), STR_57(12), 
		 -> STR_52(10), STR_51(4), STR_40(2), STR_39(10), 
		 -> STR_38(4), STR_23(4), STR_21(4), ESP8266_Link_Server@cStr(100), 
  c               1   61[COMRAM] char 
  prec            1   58[COMRAM] char 
 Return value:  Size  Location     Type
                  2   29[COMRAM] int 
 Registers used:
		wreg, fsr0l, fsr0h, fsr2l, fsr2h, status,2, status,0, tblptrl, tblptrh, tblptru, prodl, prodh, cstack
 Tracked objects:
		On entry : 
		On exit  : 
		Unchanged: 
 Data sizes:     COMRAM   BANK0   BANK1   BANK2   BANK3   BANK4   BANK5
      Params:        10       0       0       0       0       0       0
      Locals:        21       0       0       0       0       0       0
      Temps:          4       0       0       0       0       0       0
      Totals:        35       0       0       0       0       0       0
Total ram usage:       35 bytes
 Hardware stack levels used:    1
 Hardware stack levels required when called:    2
 This function calls:
		___lwdiv
		___lwmod
		___wmul
		_isdigit
 This function is called by:
		_ESP8266_JoinAP
		_ESP8266_Link_Server
		_ESP8266_SendString
		_ESP8266_BuildAP
 This function uses a non-reentrant model


 *************** function _isdigit *****************
 Defined at:
		line 8 in file "C:\Program Files (x86)\Microchip\xc8\v1.41\sources\common\isdigit.c"
 Parameters:    Size  Location     Type
  c               1    wreg     unsigned char 
 Auto vars:     Size  Location     Type
  c               1   19[COMRAM] unsigned char 
 Return value:  Size  Location     Type
		None               void
 Registers used:
		wreg, status,2, status,0
 Tracked objects:
		On entry : 
		On exit  : 
		Unchanged: 
 Data sizes:     COMRAM   BANK0   BANK1   BANK2   BANK3   BANK4   BANK5
      Params:         0       0       0       0       0       0       0
      Locals:         2       0       0       0       0       0       0
      Temps:          1       0       0       0       0       0       0
      Totals:         3       0       0       0       0       0       0
Total ram usage:        3 bytes
 Hardware stack levels used:    1
 Hardware stack levels required when called:    1
 This function calls:
		Nothing
 This function is called by:
		_sprintf
 This function uses a non-reentrant model


 *************** function ___wmul *****************
 Defined at:
		line 15 in file "C:\Program Files (x86)\Microchip\xc8\v1.41\sources\common\Umul16.c"
 Parameters:    Size  Location     Type
  multiplier      2   17[COMRAM] unsigned int 
  multiplicand    2   19[COMRAM] unsigned int 
 Auto vars:     Size  Location     Type
  product         2   21[COMRAM] unsigned int 
 Return value:  Size  Location     Type
                  2   17[COMRAM] unsigned int 
 Registers used:
		wreg, status,2, status,0, prodl, prodh
 Tracked objects:
		On entry : 
		On exit  : 
		Unchanged: 
 Data sizes:     COMRAM   BANK0   BANK1   BANK2   BANK3   BANK4   BANK5
      Params:         4       0       0       0       0       0       0
      Locals:         2       0       0       0       0       0       0
      Temps:          0       0       0       0       0       0       0
      Totals:         6       0       0       0       0       0       0
Total ram usage:        6 bytes
 Hardware stack levels used:    1
 Hardware stack levels required when called:    1
 This function calls:
		Nothing
 This function is called by:
		_sprintf
 This function uses a non-reentrant model


 *************** function ___lwmod *****************
 Defined at:
		line 8 in file "C:\Program Files (x86)\Microchip\xc8\v1.41\sources\common\lwmod.c"
 Parameters:    Size  Location     Type
  dividend        2   24[COMRAM] unsigned int 
  divisor         2   26[COMRAM] unsigned int 
 Auto vars:     Size  Location     Type
  counter         1   28[COMRAM] unsigned char 
 Return value:  Size  Location     Type
                  2   24[COMRAM] unsigned int 
 Registers used:
		wreg, status,2, status,0
 Tracked objects:
		On entry : 
		On exit  : 
		Unchanged: 
 Data sizes:     COMRAM   BANK0   BANK1   BANK2   BANK3   BANK4   BANK5
      Params:         4       0       0       0       0       0       0
      Locals:         1       0       0       0       0       0       0
      Temps:          0       0       0       0       0       0       0
      Totals:         5       0       0       0       0       0       0
Total ram usage:        5 bytes
 Hardware stack levels used:    1
 Hardware stack levels required when called:    1
 This function calls:
		Nothing
 This function is called by:
		_sprintf
 This function uses a non-reentrant model


 *************** function ___lwdiv *****************
 Defined at:
		line 8 in file "C:\Program Files (x86)\Microchip\xc8\v1.41\sources\common\lwdiv.c"
 Parameters:    Size  Location     Type
  dividend        2   17[COMRAM] unsigned int 
  divisor         2   19[COMRAM] unsigned int 
 Auto vars:     Size  Location     Type
  quotient        2   21[COMRAM] unsigned int 
  counter         1   23[COMRAM] unsigned char 
 Return value:  Size  Location     Type
                  2   17[COMRAM] unsigned int 
 Registers used:
		wreg, status,2, status,0
 Tracked objects:
		On entry : 
		On exit  : 
		Unchanged: 
 Data sizes:     COMRAM   BANK0   BANK1   BANK2   BANK3   BANK4   BANK5
      Params:         4       0       0       0       0       0       0
      Locals:         3       0       0       0       0       0       0
      Temps:          0       0       0       0       0       0       0
      Totals:         7       0       0       0       0       0       0
Total ram usage:        7 bytes
 Hardware stack levels used:    1
 Hardware stack levels required when called:    1
 This function calls:
		Nothing
 This function is called by:
		_sprintf
 This function uses a non-reentrant model


 *************** function _ESP8266_AT_Test *****************
 Defined at:
		line 115 in file "harwave/UART.c"
 Parameters:    Size  Location     Type
		None
 Auto vars:     Size  Location     Type
		None
 Return value:  Size  Location     Type
                  1    wreg      void 
 Registers used:
		wreg, fsr0l, fsr0h, fsr2l, fsr2h, status,2, status,0, tblptrl, tblptrh, tblptru, cstack
 Tracked objects:
		On entry : 
		On exit  : 
		Unchanged: 
 Data sizes:     COMRAM   BANK0   BANK1   BANK2   BANK3   BANK4   BANK5
      Params:         0       0       0       0       0       0       0
      Locals:         0       0       0       0       0       0       0
      Temps:          0       0       0       0       0       0       0
      Totals:         0       0       0       0       0       0       0
Total ram usage:        0 bytes
 Hardware stack levels used:    1
 Hardware stack levels required when called:    4
 This function calls:
		_ESP8266_Cmd
 This function is called by:
		_ESP8266_client
		_ESP8266_Server
 This function uses a non-reentrant model


 *************** function _ESP8266_Cmd *****************
 Defined at:
		line 72 in file "harwave/UART.c"
 Parameters:    Size  Location     Type
  cmd             2   36[COMRAM] PTR unsigned char 
		 -> STR_55(14), STR_53(15), STR_49(11), STR_47(22), 
		 -> STR_45(14), STR_43(15), STR_41(14), STR_35(13), 
		 -> STR_32(13), STR_30(25), STR_28(23), ESP8266_Link_Server@cCmd(120), 
		 -> ESP8266_BuildAP@cCmd(120), ESP8266_JoinAP@cCmd(120), STR_13(14), STR_11(14), 
		 -> STR_9(14), STR_6(9), STR_4(5), ESP8266_SendString@cStr(20), 
  reply1          2   38[COMRAM] PTR unsigned char 
		 -> STR_56(3), STR_54(3), STR_50(3), STR_48(3), 
		 -> STR_46(3), STR_44(3), STR_42(3), STR_36(10), 
		 -> STR_33(10), STR_31(3), STR_29(3), STR_26(8), 
		 -> STR_19(3), STR_16(3), STR_14(3), STR_12(3), 
		 -> STR_10(3), STR_7(3), STR_5(3), STR_3(8), 
		 -> STR_2(3), 
  reply2          2   40[COMRAM] PTR unsigned char 
		 -> STR_37(3), STR_34(3), STR_27(7), STR_17(10), 
		 -> STR_8(6), NULL(0), 
  waittime        2   42[COMRAM] unsigned int 
 Auto vars:     Size  Location     Type
		None
 Return value:  Size  Location     Type
                  1    wreg      unsigned char 
 Registers used:
		wreg, fsr0l, fsr0h, fsr2l, fsr2h, status,2, status,0, tblptrl, tblptrh, tblptru, cstack
 Tracked objects:
		On entry : 
		On exit  : 
		Unchanged: 
 Data sizes:     COMRAM   BANK0   BANK1   BANK2   BANK3   BANK4   BANK5
      Params:         8       0       0       0       0       0       0
      Locals:         1       0       0       0       0       0       0
      Temps:          0       0       0       0       0       0       0
      Totals:         9       0       0       0       0       0       0
Total ram usage:        9 bytes
 Hardware stack levels used:    1
 Hardware stack levels required when called:    3
 This function calls:
		_ESP8266_Uart
		_delay_ms
		_strstr
 This function is called by:
		_ESP8266_AT_Test
		_ESP8266_Rst
		_ESP8266_Net_Mode_Choose
		_ESP8266_JoinAP
		_ESP8266_Link_Server
		_STA_MODE
		_ESP8266_client
		_ESP8266_SendString
		_ESP8266_BuildAP
		_set_baudrate
		_AP_MODE
		_ESP8266_Server
 This function uses a non-reentrant model


 *************** function _ESP8266_Uart *****************
 Defined at:
		line 59 in file "harwave/UART.c"
 Parameters:    Size  Location     Type
  cmd             2   17[COMRAM] PTR unsigned char 
		 -> STR_55(14), STR_53(15), STR_49(11), STR_47(22), 
		 -> STR_45(14), STR_43(15), STR_41(14), STR_35(13), 
		 -> STR_32(13), STR_30(25), STR_28(23), ESP8266_Link_Server@cCmd(120), 
		 -> ESP8266_BuildAP@cCmd(120), ESP8266_JoinAP@cCmd(120), STR_13(14), STR_11(14), 
		 -> STR_9(14), STR_6(9), STR_4(5), ESP8266_SendString@cStr(20), 
 Auto vars:     Size  Location     Type
  index           2   21[COMRAM] int 
 Return value:  Size  Location     Type
                  1    wreg      void 
 Registers used:
		wreg, fsr0l, fsr0h, status,2, status,0, tblptrl, tblptrh, tblptru
 Tracked objects:
		On entry : 
		On exit  : 
		Unchanged: 
 Data sizes:     COMRAM   BANK0   BANK1   BANK2   BANK3   BANK4   BANK5
      Params:         2       0       0       0       0       0       0
      Locals:         2       0       0       0       0       0       0
      Temps:          2       0       0       0       0       0       0
      Totals:         6       0       0       0       0       0       0
Total ram usage:        6 bytes
 Hardware stack levels used:    1
 Hardware stack levels required when called:    1
 This function calls:
		Nothing
 This function is called by:
		_ESP8266_Cmd
 This function uses a non-reentrant model


 *************** function _ESP8266_ReceiveString *****************
 Defined at:
		line 241 in file "harwave/UART.c"
 Parameters:    Size  Location     Type
		None
 Auto vars:     Size  Location     Type
  pRecStr         2   39[COMRAM] PTR unsigned char 
		 -> strEsp8266_Fram_Record.Data_RX_BUF(100), NULL(0), strEsp8266_Fram_Record(101), 
 Return value:  Size  Location     Type
                  2   36[COMRAM] PTR unsigned char 
 Registers used:
		wreg, fsr2l, fsr2h, status,2, status,0, tblptrl, tblptrh, tblptru, cstack
 Tracked objects:
		On entry : 
		On exit  : 
		Unchanged: 
 Data sizes:     COMRAM   BANK0   BANK1   BANK2   BANK3   BANK4   BANK5
      Params:         2       0       0       0       0       0       0
      Locals:         2       0       0       0       0       0       0
      Temps:          1       0       0       0       0       0       0
      Totals:         5       0       0       0       0       0       0
Total ram usage:        5 bytes
 Hardware stack levels used:    1
 Hardware stack levels required when called:    3
 This function calls:
		_strstr
 This function is called by:
		_main
 This function uses a non-reentrant model


 *************** function _strstr *****************
 Defined at:
		line 4 in file "C:\Program Files (x86)\Microchip\xc8\v1.41\sources\common\strstr.c"
 Parameters:    Size  Location     Type
  s1              2   32[COMRAM] PTR const unsigned char 
		 -> strEsp8266_Fram_Record.Data_RX_BUF(100), NULL(0), strEsp8266_Fram_Record(101), 
  s2              2   34[COMRAM] PTR const unsigned char 
		 -> STR_61(2), STR_60(2), STR_59(2), STR_56(3), 
		 -> STR_54(3), STR_50(3), STR_48(3), STR_46(3), 
		 -> STR_44(3), STR_42(3), STR_37(3), STR_36(10), 
		 -> STR_34(3), STR_33(10), STR_31(3), STR_29(3), 
		 -> STR_27(7), STR_26(8), STR_19(3), STR_17(10), 
		 -> STR_16(3), STR_14(3), STR_12(3), STR_10(3), 
		 -> STR_8(6), STR_7(3), STR_5(3), STR_3(8), 
		 -> STR_2(3), NULL(0), 
 Auto vars:     Size  Location     Type
		None
 Return value:  Size  Location     Type
                  2   32[COMRAM] PTR unsigned char 
 Registers used:
		wreg, fsr2l, fsr2h, status,2, status,0, tblptrl, tblptrh, tblptru, cstack
 Tracked objects:
		On entry : 
		On exit  : 
		Unchanged: 
 Data sizes:     COMRAM   BANK0   BANK1   BANK2   BANK3   BANK4   BANK5
      Params:         4       0       0       0       0       0       0
      Locals:         0       0       0       0       0       0       0
      Temps:          0       0       0       0       0       0       0
      Totals:         4       0       0       0       0       0       0
Total ram usage:        4 bytes
 Hardware stack levels used:    1
 Hardware stack levels required when called:    2
 This function calls:
		_strchr
		_strlen
		_strncmp
 This function is called by:
		_ESP8266_Cmd
		_ESP8266_ReceiveString
 This function uses a non-reentrant model


 *************** function _strncmp *****************
 Defined at:
		line 4 in file "C:\Program Files (x86)\Microchip\xc8\v1.41\sources\common\strncmp.c"
 Parameters:    Size  Location     Type
  s1              2   23[COMRAM] PTR const unsigned char 
		 -> strEsp8266_Fram_Record.Data_RX_BUF(100), NULL(0), strEsp8266_Fram_Record(101), 
  s2              2   25[COMRAM] PTR const unsigned char 
		 -> STR_61(2), STR_60(2), STR_59(2), STR_56(3), 
		 -> STR_54(3), STR_50(3), STR_48(3), STR_46(3), 
		 -> STR_44(3), STR_42(3), STR_37(3), STR_36(10), 
		 -> STR_34(3), STR_33(10), STR_31(3), STR_29(3), 
		 -> STR_27(7), STR_26(8), STR_19(3), STR_17(10), 
		 -> STR_16(3), STR_14(3), STR_12(3), STR_10(3), 
		 -> STR_8(6), STR_7(3), STR_5(3), STR_3(8), 
		 -> STR_2(3), NULL(0), 
  len             2   27[COMRAM] unsigned int 
 Auto vars:     Size  Location     Type
		None
 Return value:  Size  Location     Type
                  2   23[COMRAM] int 
 Registers used:
		wreg, fsr2l, fsr2h, status,2, status,0, tblptrl, tblptrh, tblptru
 Tracked objects:
		On entry : 
		On exit  : 
		Unchanged: 
 Data sizes:     COMRAM   BANK0   BANK1   BANK2   BANK3   BANK4   BANK5
      Params:         6       0       0       0       0       0       0
      Locals:         0       0       0       0       0       0       0
      Temps:          3       0       0       0       0       0       0
      Totals:         9       0       0       0       0       0       0
Total ram usage:        9 bytes
 Hardware stack levels used:    1
 Hardware stack levels required when called:    1
 This function calls:
		Nothing
 This function is called by:
		_strstr
 This function uses a non-reentrant model


 *************** function _strlen *****************
 Defined at:
		line 4 in file "C:\Program Files (x86)\Microchip\xc8\v1.41\sources\common\strlen.c"
 Parameters:    Size  Location     Type
  s               2   17[COMRAM] PTR const unsigned char 
		 -> STR_61(2), STR_60(2), STR_59(2), STR_56(3), 
		 -> STR_54(3), STR_50(3), STR_48(3), STR_46(3), 
		 -> STR_44(3), STR_42(3), STR_37(3), STR_36(10), 
		 -> STR_34(3), STR_33(10), STR_31(3), STR_29(3), 
		 -> STR_27(7), STR_26(8), STR_19(3), STR_17(10), 
		 -> STR_16(3), STR_14(3), STR_12(3), STR_10(3), 
		 -> STR_8(6), STR_7(3), STR_5(3), STR_3(8), 
		 -> STR_2(3), NULL(0), 
 Auto vars:     Size  Location     Type
  cp              2   21[COMRAM] PTR const unsigned char 
		 -> STR_61(2), STR_60(2), STR_59(2), STR_56(3), 
		 -> STR_54(3), STR_50(3), STR_48(3), STR_46(3), 
		 -> STR_44(3), STR_42(3), STR_37(3), STR_36(10), 
		 -> STR_34(3), STR_33(10), STR_31(3), STR_29(3), 
		 -> STR_27(7), STR_26(8), STR_19(3), STR_17(10), 
		 -> STR_16(3), STR_14(3), STR_12(3), STR_10(3), 
		 -> STR_8(6), STR_7(3), STR_5(3), STR_3(8), 
		 -> STR_2(3), NULL(0), 
 Return value:  Size  Location     Type
                  2   17[COMRAM] unsigned int 
 Registers used:
		wreg, status,2, status,0, tblptrl, tblptrh, tblptru
 Tracked objects:
		On entry : 
		On exit  : 
		Unchanged: 
 Data sizes:     COMRAM   BANK0   BANK1   BANK2   BANK3   BANK4   BANK5
      Params:         2       0       0       0       0       0       0
      Locals:         2       0       0       0       0       0       0
      Temps:          2       0       0       0       0       0       0
      Totals:         6       0       0       0       0       0       0
Total ram usage:        6 bytes
 Hardware stack levels used:    1
 Hardware stack levels required when called:    1
[...]
Total ram usage:        5 bytes
 Hardware stack levels used:    1
 Hardware stack levels required when called:    1
 This function calls:
		Nothing
 This function is called by:
		_strstr
 This function uses a non-reentrant model


 *************** function _ADtoPWM *****************
 Defined at:
		line 16 in file "harwave/flex.c"
 Parameters:    Size  Location     Type
  AD              2   35[COMRAM] PTR unsigned char 
		 -> strEsp8266_Fram_Record.Data_RX_BUF(100), NULL(0), strEsp8266_Fram_Record(101), 
 Auto vars:     Size  Location     Type
  w4              2   59[COMRAM] unsigned int 
  w3              2   57[COMRAM] unsigned int 
  w2              2   55[COMRAM] unsigned int 
  w1              2   53[COMRAM] unsigned int 
  w0              2   51[COMRAM] unsigned int 
  u4              2   49[COMRAM] unsigned int 
  u3              2   47[COMRAM] unsigned int 
  u2              2   45[COMRAM] unsigned int 
  u1              2   43[COMRAM] unsigned int 
  u0              2   41[COMRAM] unsigned int 
 Return value:  Size  Location     Type
                  1    wreg      void 
 Registers used:
		wreg, fsr2l, fsr2h, status,2, status,0, tblptrl, tblptrh, tblptru, cstack
 Tracked objects:
		On entry : 
		On exit  : 
		Unchanged: 
 Data sizes:     COMRAM   BANK0   BANK1   BANK2   BANK3   BANK4   BANK5
      Params:         2       0       0       0       0       0       0
      Locals:        20       0       0       0       0       0       0
      Temps:          4       0       0       0       0       0       0
      Totals:        26       0       0       0       0       0       0
Total ram usage:       26 bytes
 Hardware stack levels used:    1
 Hardware stack levels required when called:    8
 This function calls:
		_PWMt0PCA
 This function is called by:
		_main
 This function uses a non-reentrant model


 *************** function _PWMt0PCA *****************
 Defined at:
		line 45 in file "harwave/flex.c"
 Parameters:    Size  Location     Type
  up              2   30[COMRAM] unsigned int 
  low             2   32[COMRAM] unsigned int 
  finger          1   34[COMRAM] enum E3769
 Auto vars:     Size  Location     Type
		None
 Return value:  Size  Location     Type
                  1    wreg      void 
 Registers used:
		wreg, status,2, status,0, cstack
 Tracked objects:
		On entry : 
		On exit  : 
		Unchanged: 
 Data sizes:     COMRAM   BANK0   BANK1   BANK2   BANK3   BANK4   BANK5
      Params:         5       0       0       0       0       0       0
      Locals:         0       0       0       0       0       0       0
      Temps:          0       0       0       0       0       0       0
      Totals:         5       0       0       0       0       0       0
Total ram usage:        5 bytes
 Hardware stack levels used:    1
 Hardware stack levels required when called:    7
 This function calls:
		_transmit_finger
 This function is called by:
		_ADtoPWM
 This function uses a non-reentrant model


 *************** function _transmit_finger *****************
 Defined at:
		line 7 in file "harwave/flex.c"
 Parameters:    Size  Location     Type
  HL_Value        2   25[COMRAM] unsigned int 
  finger          1   27[COMRAM] unsigned char 
 Auto vars:     Size  Location     Type
  Lbyte           1   29[COMRAM] unsigned char 
  Hbyte           1   28[COMRAM] unsigned char 
 Return value:  Size  Location     Type
                  1    wreg      void 
 Registers used:
		wreg, status,2, status,0, cstack
 Tracked objects:
		On entry : 
		On exit  : 
		Unchanged: 
 Data sizes:     COMRAM   BANK0   BANK1   BANK2   BANK3   BANK4   BANK5
      Params:         3       0       0       0       0       0       0
      Locals:         2       0       0       0       0       0       0
      Temps:          0       0       0       0       0       0       0
      Totals:         5       0       0       0       0       0       0
Total ram usage:        5 bytes
 Hardware stack levels used:    1
 Hardware stack levels required when called:    6
 This function calls:
		_PCA9685_writeOneByte
 This function is called by:
		_PWMt0PCA
 This function uses a non-reentrant model


 *************** function _PCA9685_writeOneByte *****************
 Defined at:
		line 6 in file "harwave/PCA9685.c"
 Parameters:    Size  Location     Type
  addr            1    wreg     unsigned char 
  data            1   23[COMRAM] unsigned char 
 Auto vars:     Size  Location     Type
  addr            1   24[COMRAM] unsigned char 
 Return value:  Size  Location     Type
                  1    wreg      void 
 Registers used:
		wreg, status,2, status,0, cstack
 Tracked objects:
		On entry : 
		On exit  : 
		Unchanged: 
 Data sizes:     COMRAM   BANK0   BANK1   BANK2   BANK3   BANK4   BANK5
      Params:         1       0       0       0       0       0       0
      Locals:         1       0       0       0       0       0       0
      Temps:          0       0       0       0       0       0       0
      Totals:         2       0       0       0       0       0       0
Total ram usage:        2 bytes
 Hardware stack levels used:    1
 Hardware stack levels required when called:    5
 This function calls:
		_IIC_Send_Byte
		_IIC_Start
		_IIC_Stop
		_IIC_Wait_Ack
		_delay_ms
 This function is called by:
		_transmit_finger
		_PCA9685_init
 This function uses a non-reentrant model


 *************** function _delay_ms *****************
 Defined at:
		line 3 in file "harwave/mydelay.c"
 Parameters:    Size  Location     Type
  ms              2   19[COMRAM] int 
 Auto vars:     Size  Location     Type
		None
 Return value:  Size  Location     Type
                  1    wreg      void 
 Registers used:
		wreg, status,2, status,0, cstack
 Tracked objects:
		On entry : 
		On exit  : 
		Unchanged: 
 Data sizes:     COMRAM   BANK0   BANK1   BANK2   BANK3   BANK4   BANK5
      Params:         2       0       0       0       0       0       0
      Locals:         0       0       0       0       0       0       0
      Temps:          0       0       0       0       0       0       0
      Totals:         2       0       0       0       0       0       0
Total ram usage:        2 bytes
 Hardware stack levels used:    1
 Hardware stack levels required when called:    2
 This function calls:
		_Delay10KTCYx
 This function is called by:
		_PCA9685_writeOneByte
		_ESP8266_Cmd
		_LCD_Initialize
		_LCD_WriteCmd
		_LCD_GotoXY
		_LCD_WriteData
 This function uses a non-reentrant model


 *************** function _Delay10KTCYx *****************
 Defined at:
		line 8 in file "C:\Program Files (x86)\Microchip\xc8\v1.41\sources\pic18\d10ktcyx.c"
 Parameters:    Size  Location     Type
  unit            1    wreg     unsigned char 
 Auto vars:     Size  Location     Type
  unit            1   18[COMRAM] unsigned char 
 Return value:  Size  Location     Type
                  1    wreg      void 
 Registers used:
		wreg
 Tracked objects:
		On entry : 
		On exit  : 
		Unchanged: 
 Data sizes:     COMRAM   BANK0   BANK1   BANK2   BANK3   BANK4   BANK5
      Params:         0       0       0       0       0       0       0
      Locals:         1       0       0       0       0       0       0
      Temps:          1       0       0       0       0       0       0
      Totals:         2       0       0       0       0       0       0
Total ram usage:        2 bytes
 Hardware stack levels used:    1
 Hardware stack levels required when called:    1
 This function calls:
		Nothing
 This function is called by:
		_delay_ms
 This function uses a non-reentrant model


 *************** function _IIC_Wait_Ack *****************
 Defined at:
		line 43 in file "harwave/softIIC.c"
 Parameters:    Size  Location     Type
		None
 Auto vars:     Size  Location     Type
  ucErrTime       1   20[COMRAM] unsigned char 
 Return value:  Size  Location     Type
                  1    wreg      unsigned char 
 Registers used:
		wreg, status,2, status,0, cstack
 Tracked objects:
		On entry : 
		On exit  : 
		Unchanged: 
 Data sizes:     COMRAM   BANK0   BANK1   BANK2   BANK3   BANK4   BANK5
      Params:         0       0       0       0       0       0       0
      Locals:         1       0       0       0       0       0       0
      Temps:          0       0       0       0       0       0       0
      Totals:         1       0       0       0       0       0       0
Total ram usage:        1 bytes
 Hardware stack levels used:    1
 Hardware stack levels required when called:    4
 This function calls:
		_IIC_Stop
		_delay_us
 This function is called by:
		_PCA9685_writeOneByte
 This function uses a non-reentrant model


 *************** function _IIC_Stop *****************
 Defined at:
		line 29 in file "harwave/softIIC.c"
 Parameters:    Size  Location     Type
		None
 Auto vars:     Size  Location     Type
		None
 Return value:  Size  Location     Type
                  1    wreg      void 
 Registers used:
		wreg, status,2, status,0, cstack
 Tracked objects:
		On entry : 
		On exit  : 
		Unchanged: 
 Data sizes:     COMRAM   BANK0   BANK1   BANK2   BANK3   BANK4   BANK5
      Params:         0       0       0       0       0       0       0
      Locals:         0       0       0       0       0       0       0
      Temps:          0       0       0       0       0       0       0
      Totals:         0       0       0       0       0       0       0
Total ram usage:        0 bytes
 Hardware stack levels used:    1
 Hardware stack levels required when called:    3
 This function calls:
		_delay_us
 This function is called by:
		_PCA9685_writeOneByte
		_IIC_Wait_Ack
 This function uses a non-reentrant model


 *************** function _IIC_Start *****************
 Defined at:
		line 18 in file "harwave/softIIC.c"
 Parameters:    Size  Location     Type
		None
 Auto vars:     Size  Location     Type
		None
 Return value:  Size  Location     Type
                  1    wreg      void 
 Registers used:
		wreg, status,2, status,0, cstack
 Tracked objects:
		On entry : 
		On exit  : 
		Unchanged: 
 Data sizes:     COMRAM   BANK0   BANK1   BANK2   BANK3   BANK4   BANK5
      Params:         0       0       0       0       0       0       0
      Locals:         0       0       0       0       0       0       0
      Temps:          0       0       0       0       0       0       0
      Totals:         0       0       0       0       0       0       0
Total ram usage:        0 bytes
 Hardware stack levels used:    1
 Hardware stack levels required when called:    3
 This function calls:
		_delay_us
 This function is called by:
		_PCA9685_writeOneByte
 This function uses a non-reentrant model


 *************** function _IIC_Send_Byte *****************
 Defined at:
		line 91 in file "harwave/softIIC.c"
 Parameters:    Size  Location     Type
  txd             1    wreg     unsigned char 
 Auto vars:     Size  Location     Type
  txd             1   21[COMRAM] unsigned char 
  t               1   22[COMRAM] unsigned char 
 Return value:  Size  Location     Type
                  1    wreg      void 
 Registers used:
		wreg, status,2, status,0, cstack
 Tracked objects:
		On entry : 
		On exit  : 
		Unchanged: 
 Data sizes:     COMRAM   BANK0   BANK1   BANK2   BANK3   BANK4   BANK5
      Params:         0       0       0       0       0       0       0
      Locals:         2       0       0       0       0       0       0
      Temps:          1       0       0       0       0       0       0
      Totals:         3       0       0       0       0       0       0
Total ram usage:        3 bytes
 Hardware stack levels used:    1
 Hardware stack levels required when called:    3
 This function calls:
		_delay_us
 This function is called by:
		_PCA9685_writeOneByte
 This function uses a non-reentrant model


 *************** function _delay_us *****************
 Defined at:
		line 11 in file "harwave/mydelay.c"
 Parameters:    Size  Location     Type
  us              2   18[COMRAM] int 
 Auto vars:     Size  Location     Type
		None
 Return value:  Size  Location     Type
                  1    wreg      void 
 Registers used:
		wreg, status,2, status,0, cstack
 Tracked objects:
		On entry : 
		On exit  : 
		Unchanged: 
 Data sizes:     COMRAM   BANK0   BANK1   BANK2   BANK3   BANK4   BANK5
      Params:         2       0       0       0       0       0       0
      Locals:         0       0       0       0       0       0       0
      Temps:          0       0       0       0       0       0       0
      Totals:         2       0       0       0       0       0       0
Total ram usage:        2 bytes
 Hardware stack levels used:    1
 Hardware stack levels required when called:    2
 This function calls:
		_Delay10TCYx
 This function is called by:
		_IIC_Init
		_IIC_Start
		_IIC_Stop
		_IIC_Wait_Ack
		_IIC_Send_Byte
		_IIC_Ack
		_IIC_NAck
		_IIC_Read_Byte
 This function uses a non-reentrant model


 *************** function _Delay10TCYx *****************
 Defined at:
		line 8 in file "C:\Program Files (x86)\Microchip\xc8\v1.41\sources\pic18\d10tcyx.c"
 Parameters:    Size  Location     Type
  unit            1    wreg     unsigned char 
 Auto vars:     Size  Location     Type
  unit            1   17[COMRAM] unsigned char 
 Return value:  Size  Location     Type
                  1    wreg      void 
 Registers used:
		wreg
 Tracked objects:
		On entry : 
		On exit  : 
		Unchanged: 
 Data sizes:     COMRAM   BANK0   BANK1   BANK2   BANK3   BANK4   BANK5
      Params:         0       0       0       0       0       0       0
      Locals:         1       0       0       0       0       0       0
      Temps:          0       0       0       0       0       0       0
      Totals:         1       0       0       0       0       0       0
Total ram usage:        1 bytes
 Hardware stack levels used:    1
 Hardware stack levels required when called:    1
 This function calls:
		Nothing
 This function is called by:
		_delay_us
 This function uses a non-reentrant model


 *************** function _uart *****************
 Defined at:
		line 113 in file "main.c"
 Parameters:    Size  Location     Type
		None
 Auto vars:     Size  Location     Type
  ch              1   16[COMRAM] unsigned char 
 Return value:  Size  Location     Type
                  1    wreg      void 
 Registers used:
		wreg, fsr2l, fsr2h, status,2, status,0, prodl, prodh
 Tracked objects:
		On entry : 
		On exit  : 
		Unchanged: 
 Data sizes:     COMRAM   BANK0   BANK1   BANK2   BANK3   BANK4   BANK5
      Params:         0       0       0       0       0       0       0
      Locals:         1       0       0       0       0       0       0
      Temps:         16       0       0       0       0       0       0
      Totals:        17       0       0       0       0       0       0
Total ram usage:       17 bytes
 Hardware stack levels used:    1
 This function calls:
		Nothing
 This function is called by:
		Interrupt level 2
 This function uses a non-reentrant model



MODULE INFORMATION

Module		Function		Class		Link	Load	Size
C:\Program Files (x86)\Microchip\xc8\v1.41\sources\common\lwdiv.c
		___lwdiv       		CODE           	144E	0000	83

C:\Program Files (x86)\Microchip\xc8\v1.41\sources\common\lwdiv.c estimated size: 83

C:\Program Files (x86)\Microchip\xc8\v1.41\sources\pic18\d10tcyx.c
		_Delay10TCYx   		CODE           	1886	0000	17

C:\Program Files (x86)\Microchip\xc8\v1.41\sources\pic18\d10tcyx.c estimated size: 17

harwave/softIIC.c
		_IIC_Stop      		CODE           	17AC	0000	37
		_IIC_Wait_Ack  		CODE           	15B2	0000	59
		_IIC_Init      		CODE           	17F4	0000	35
		_IIC_Send_Byte 		CODE           	13F6	0000	89
		_IIC_Start     		CODE           	17D0	0000	37

harwave/softIIC.c estimated size: 257

C:\Program Files (x86)\Microchip\xc8\v1.41\sources\common\doprnt.c
		_sprintf       		CODE           	0012	0000	2211

C:\Program Files (x86)\Microchip\xc8\v1.41\sources\common\doprnt.c estimated size: 2211

C:\Program Files (x86)\Microchip\xc8\v1.41\sources\common\strstr.c
		_strstr        		CODE           	121C	0000	133

C:\Program Files (x86)\Microchip\xc8\v1.41\sources\common\strstr.c estimated size: 133

C:\Program Files (x86)\Microchip\xc8\v1.41\sources\common\Umul16.c
		___wmul        		CODE           	173E	0000	39

C:\Program Files (x86)\Microchip\xc8\v1.41\sources\common\Umul16.c estimated size: 39

C:\Program Files (x86)\Microchip\xc8\v1.41\sources\common\isdigit.c
		_isdigit       		CODE           	1816	0000	31

C:\Program Files (x86)\Microchip\xc8\v1.41\sources\common\isdigit.c estimated size: 31

harwave/initial.c
		_oclillator_initial		CODE           	18AC	0000	9
		_PCA9685_init  		CODE           	1788	0000	37
		_timer_intrrupt_initinal		CODE           	1876	0000	17
		_GPIO_initial  		CODE           	1896	0000	15

harwave/initial.c estimated size: 78

harwave/flex.c
		_ADtoPWM       		CODE           	08B4	0000	935
		_transmit_finger		CODE           	1622	0000	55
		_PWMt0PCA      		CODE           	0C5A	0000	297

harwave/flex.c estimated size: 1287

harwave/UART.c
		_ESP8266_Cmd   		CODE           	1030	0000	193
		_ESP8266_Rst   		CODE           	1718	0000	39
		_ESP8266_Uart  		CODE           	1322	0000	115
		_ESP8266_JoinAP		CODE           	14A0	0000	75
		_ESP8266_client		CODE           	0F6C	0000	197
		_ESP8266_ReceiveString		CODE           	10F0	0000	161
		_ESP8266_Link_Server		CODE           	0D82	0000	253
		_ESP8266_AT_Test		CODE           	16EC	0000	45
		_initial_UART  		CODE           	1764	0000	37
		_ESP8266_Net_Mode_Choose		CODE           	1190	0000	141
		_STA_MODE      		CODE           	168E	0000	51

harwave/UART.c estimated size: 1307

harwave/PCA9685.c
		_PCA9685_writeOneByte		CODE           	1658	0000	55

harwave/PCA9685.c estimated size: 55

shared
		_finger_under_0		MEDIUMCONST    	7D99	0000	113
		_finger_under_1		MEDIUMCONST    	7B9D	0000	193
		_finger_under_2		MEDIUMCONST    	7ABB	0000	227
		_finger_under_3		MEDIUMCONST    	7C5D	0000	159
		_finger_under_4		MEDIUMCONST    	78DF	0000	241
		_dpowers       		MEDIUMCONST    	7E15	0000	11
		__initialization		CODE           	14EA	0000	59
		_octpowers     		MEDIUMCONST    	7E09	0000	13
		_hexpowers     		MEDIUMCONST    	7E1F	0000	9
		_finger_up_0   		MEDIUMCONST    	7CFB	0000	159
		_finger_up_1   		MEDIUMCONST    	79CF	0000	237
		_finger_up_2   		MEDIUMCONST    	77DD	0000	259
		_finger_up_3   		MEDIUMCONST    	76B9	0000	293
		_finger_up_4   		MEDIUMCONST    	758B	0000	303

shared estimated size: 2276

C:\Program Files (x86)\Microchip\xc8\v1.41\sources\common\lwmod.c
		___lwmod       		CODE           	1532	0000	67

C:\Program Files (x86)\Microchip\xc8\v1.41\sources\common\lwmod.c estimated size: 67

C:\Program Files (x86)\Microchip\xc8\v1.41\sources\common\strlen.c
		_strlen        		CODE           	1574	0000	63

C:\Program Files (x86)\Microchip\xc8\v1.41\sources\common\strlen.c estimated size: 63

C:\Program Files (x86)\Microchip\xc8\v1.41\sources\common\strchr.c
		_strchr        		CODE           	15EC	0000	55

C:\Program Files (x86)\Microchip\xc8\v1.41\sources\common\strchr.c estimated size: 55

C:\Program Files (x86)\Microchip\xc8\v1.41\sources\common\memset.c
		_memset        		CODE           	16C0	0000	45

C:\Program Files (x86)\Microchip\xc8\v1.41\sources\common\memset.c estimated size: 45

C:\Program Files (x86)\Microchip\xc8\v1.41\sources\pic18\d10ktcyx.c
		_Delay10KTCYx  		CODE           	184A	0000	23

C:\Program Files (x86)\Microchip\xc8\v1.41\sources\pic18\d10ktcyx.c estimated size: 23

C:\Program Files (x86)\Microchip\xc8\v1.41\sources\common\strncmp.c
		_strncmp       		CODE           	12A0	0000	131

C:\Program Files (x86)\Microchip\xc8\v1.41\sources\common\strncmp.c estimated size: 131

harwave/mydelay.c
		_delay_us      		CODE           	1860	0000	23
		_delay_ms      		CODE           	1834	0000	23

harwave/mydelay.c estimated size: 46

main.c
		_uart          		CODE           	0008	0000	245
		_main          		CODE           	1394	0000	99

main.c estimated size: 344

